[0.104s] DEBUG:colcon:Command line arguments: ['/usr/bin/colcon', 'build', '--symlink-install']
[0.104s] DEBUG:colcon:Parsed command line arguments: Namespace(log_base=None, log_level=None, verb_name='build', build_base='build', install_base='install', merge_install=False, symlink_install=True, test_result_base=None, continue_on_error=False, executor='parallel', parallel_workers=28, event_handlers=None, ignore_user_meta=False, metas=['./colcon.meta'], base_paths=['.'], packages_ignore=None, packages_ignore_regex=None, paths=None, packages_up_to=None, packages_up_to_regex=None, packages_above=None, packages_above_and_dependencies=None, packages_above_depth=None, packages_select_by_dep=None, packages_skip_by_dep=None, packages_skip_up_to=None, packages_select_build_failed=False, packages_skip_build_finished=False, packages_select_test_failures=False, packages_skip_test_passed=False, packages_select=None, packages_skip=None, packages_select_regex=None, packages_skip_regex=None, packages_start=None, packages_end=None, allow_overriding=[], cmake_args=None, cmake_target=None, cmake_target_skip_unavailable=False, cmake_clean_cache=False, cmake_clean_first=False, cmake_force_configure=False, ament_cmake_args=None, catkin_cmake_args=None, catkin_skip_building_tests=False, mixin_files=None, mixin=None, verb_parser=<colcon_mixin.mixin.mixin_argument.MixinArgumentDecorator object at 0x76e048f36450>, verb_extension=<colcon_core.verb.build.BuildVerb object at 0x76e049052990>, main=<bound method BuildVerb.main of <colcon_core.verb.build.BuildVerb object at 0x76e049052990>>, mixin_verb=('build',))
[0.207s] Level 1:colcon.colcon_core.package_discovery:discover_packages(colcon_meta) check parameters
[0.207s] Level 1:colcon.colcon_core.package_discovery:discover_packages(recursive) check parameters
[0.209s] Level 1:colcon.colcon_core.package_discovery:discover_packages(ignore) check parameters
[0.211s] Level 1:colcon.colcon_core.package_discovery:discover_packages(path) check parameters
[0.213s] Level 1:colcon.colcon_core.package_discovery:discover_packages(colcon_meta) discover
[0.215s] Level 1:colcon.colcon_core.package_discovery:discover_packages(recursive) discover
[0.217s] INFO:colcon.colcon_core.package_discovery:Crawling recursively for packages in '/home/eiamw001/CSCI4511_project'
[0.220s] Level 1:colcon.colcon_core.package_identification:_identify(.) by extensions ['ignore', 'ignore_ament_install']
[0.221s] Level 1:colcon.colcon_core.package_identification:_identify(.) by extension 'ignore'
[0.223s] Level 1:colcon.colcon_core.package_identification:_identify(.) by extension 'ignore_ament_install'
[0.225s] Level 1:colcon.colcon_core.package_identification:_identify(.) by extensions ['colcon_pkg']
[0.227s] Level 1:colcon.colcon_core.package_identification:_identify(.) by extension 'colcon_pkg'
[0.229s] Level 1:colcon.colcon_core.package_identification:_identify(.) by extensions ['colcon_meta']
[0.231s] Level 1:colcon.colcon_core.package_identification:_identify(.) by extension 'colcon_meta'
[0.232s] Level 1:colcon.colcon_core.package_identification:_identify(.) by extensions ['ros']
[0.234s] Level 1:colcon.colcon_core.package_identification:_identify(.) by extension 'ros'
[0.254s] Level 1:colcon.colcon_core.package_identification:_identify(.) by extensions ['cmake', 'python']
[0.254s] Level 1:colcon.colcon_core.package_identification:_identify(.) by extension 'cmake'
[0.256s] Level 1:colcon.colcon_core.package_identification:_identify(.) by extension 'python'
[0.258s] Level 1:colcon.colcon_core.package_identification:_identify(.) by extensions ['python_setup_py']
[0.260s] Level 1:colcon.colcon_core.package_identification:_identify(.) by extension 'python_setup_py'
[0.263s] Level 1:colcon.colcon_core.package_identification:_identify(build) by extensions ['ignore', 'ignore_ament_install']
[0.264s] Level 1:colcon.colcon_core.package_identification:_identify(build) by extension 'ignore'
[0.266s] Level 1:colcon.colcon_core.package_identification:_identify(build) ignored
[0.267s] Level 1:colcon.colcon_core.package_identification:_identify(install) by extensions ['ignore', 'ignore_ament_install']
[0.268s] Level 1:colcon.colcon_core.package_identification:_identify(install) by extension 'ignore'
[0.268s] Level 1:colcon.colcon_core.package_identification:_identify(install) ignored
[0.268s] Level 1:colcon.colcon_core.package_identification:_identify(launches) by extensions ['ignore', 'ignore_ament_install']
[0.270s] Level 1:colcon.colcon_core.package_identification:_identify(launches) by extension 'ignore'
[0.271s] Level 1:colcon.colcon_core.package_identification:_identify(launches) by extension 'ignore_ament_install'
[0.273s] Level 1:colcon.colcon_core.package_identification:_identify(launches) by extensions ['colcon_pkg']
[0.275s] Level 1:colcon.colcon_core.package_identification:_identify(launches) by extension 'colcon_pkg'
[0.275s] Level 1:colcon.colcon_core.package_identification:_identify(launches) by extensions ['colcon_meta']
[0.275s] Level 1:colcon.colcon_core.package_identification:_identify(launches) by extension 'colcon_meta'
[0.275s] Level 1:colcon.colcon_core.package_identification:_identify(launches) by extensions ['ros']
[0.277s] Level 1:colcon.colcon_core.package_identification:_identify(launches) by extension 'ros'
[0.277s] Level 1:colcon.colcon_core.package_identification:_identify(launches) by extensions ['cmake', 'python']
[0.279s] Level 1:colcon.colcon_core.package_identification:_identify(launches) by extension 'cmake'
[0.279s] Level 1:colcon.colcon_core.package_identification:_identify(launches) by extension 'python'
[0.279s] Level 1:colcon.colcon_core.package_identification:_identify(launches) by extensions ['python_setup_py']
[0.280s] Level 1:colcon.colcon_core.package_identification:_identify(launches) by extension 'python_setup_py'
[0.283s] Level 1:colcon.colcon_core.package_identification:_identify(log) by extensions ['ignore', 'ignore_ament_install']
[0.283s] Level 1:colcon.colcon_core.package_identification:_identify(log) by extension 'ignore'
[0.285s] Level 1:colcon.colcon_core.package_identification:_identify(log) ignored
[0.287s] Level 1:colcon.colcon_core.package_identification:_identify(src) by extensions ['ignore', 'ignore_ament_install']
[0.288s] Level 1:colcon.colcon_core.package_identification:_identify(src) by extension 'ignore'
[0.290s] Level 1:colcon.colcon_core.package_identification:_identify(src) by extension 'ignore_ament_install'
[0.291s] Level 1:colcon.colcon_core.package_identification:_identify(src) by extensions ['colcon_pkg']
[0.293s] Level 1:colcon.colcon_core.package_identification:_identify(src) by extension 'colcon_pkg'
[0.295s] Level 1:colcon.colcon_core.package_identification:_identify(src) by extensions ['colcon_meta']
[0.295s] Level 1:colcon.colcon_core.package_identification:_identify(src) by extension 'colcon_meta'
[0.295s] Level 1:colcon.colcon_core.package_identification:_identify(src) by extensions ['ros']
[0.296s] Level 1:colcon.colcon_core.package_identification:_identify(src) by extension 'ros'
[0.298s] Level 1:colcon.colcon_core.package_identification:_identify(src) by extensions ['cmake', 'python']
[0.300s] Level 1:colcon.colcon_core.package_identification:_identify(src) by extension 'cmake'
[0.300s] Level 1:colcon.colcon_core.package_identification:_identify(src) by extension 'python'
[0.302s] Level 1:colcon.colcon_core.package_identification:_identify(src) by extensions ['python_setup_py']
[0.305s] Level 1:colcon.colcon_core.package_identification:_identify(src) by extension 'python_setup_py'
[0.307s] Level 1:colcon.colcon_core.package_identification:_identify(src/security_coverage_robot) by extensions ['ignore', 'ignore_ament_install']
[0.308s] Level 1:colcon.colcon_core.package_identification:_identify(src/security_coverage_robot) by extension 'ignore'
[0.310s] Level 1:colcon.colcon_core.package_identification:_identify(src/security_coverage_robot) by extension 'ignore_ament_install'
[0.310s] Level 1:colcon.colcon_core.package_identification:_identify(src/security_coverage_robot) by extensions ['colcon_pkg']
[0.312s] Level 1:colcon.colcon_core.package_identification:_identify(src/security_coverage_robot) by extension 'colcon_pkg'
[0.312s] Level 1:colcon.colcon_core.package_identification:_identify(src/security_coverage_robot) by extensions ['colcon_meta']
[0.312s] Level 1:colcon.colcon_core.package_identification:_identify(src/security_coverage_robot) by extension 'colcon_meta'
[0.314s] Level 1:colcon.colcon_core.package_identification:_identify(src/security_coverage_robot) by extensions ['ros']
[0.316s] Level 1:colcon.colcon_core.package_identification:_identify(src/security_coverage_robot) by extension 'ros'
[0.317s] DEBUG:colcon.colcon_core.package_identification:Failed to parse potential ROS package manifest in'src/security_coverage_robot': Error(s) in package 'src/security_coverage_robot/package.xml':
The manifest contains invalid XML:
junk after document element: line 2, column 0
[0.318s] Level 1:colcon.colcon_core.package_identification:_identify(src/security_coverage_robot) by extensions ['cmake', 'python']
[0.320s] Level 1:colcon.colcon_core.package_identification:_identify(src/security_coverage_robot) by extension 'cmake'
[0.321s] Level 1:colcon.colcon_core.package_identification:_identify(src/security_coverage_robot) by extension 'python'
[0.324s] DEBUG:colcon.colcon_core.package_identification:Python package in 'src/security_coverage_robot' passes arguments to the setup() function which requires a different identification extension than 'python'
[0.325s] Level 1:colcon.colcon_core.package_identification:_identify(src/security_coverage_robot) by extensions ['python_setup_py']
[0.325s] Level 1:colcon.colcon_core.package_identification:_identify(src/security_coverage_robot) by extension 'python_setup_py'
[0.649s] DEBUG:colcon.colcon_core.package_identification:Package 'src/security_coverage_robot' with type 'python' and name 'security_coverage_robot'
[0.649s] Level 1:colcon.colcon_core.package_discovery:discover_packages(recursive) using defaults
[0.649s] Level 1:colcon.colcon_core.package_discovery:discover_packages(ignore) discover
[0.649s] Level 1:colcon.colcon_core.package_discovery:discover_packages(ignore) using defaults
[0.649s] Level 1:colcon.colcon_core.package_discovery:discover_packages(path) discover
[0.651s] Level 1:colcon.colcon_core.package_discovery:discover_packages(path) using defaults
[0.662s] Level 1:colcon.colcon_core.package_discovery:discover_packages(prefix_path) check parameters
[0.662s] Level 1:colcon.colcon_core.package_discovery:discover_packages(prefix_path) discover
[0.665s] DEBUG:colcon.colcon_installed_package_information.package_discovery:Found 1 installed packages in /home/eiamw001/CSCI4511_project/install
[0.667s] DEBUG:colcon.colcon_installed_package_information.package_discovery:Found 554 installed packages in /opt/ros/jazzy
[0.669s] Level 1:colcon.colcon_core.package_discovery:discover_packages(prefix_path) using defaults
[0.717s] Level 5:colcon.colcon_core.verb:set package 'security_coverage_robot' build argument 'cmake_args' from command line to 'None'
[0.717s] Level 5:colcon.colcon_core.verb:set package 'security_coverage_robot' build argument 'cmake_target' from command line to 'None'
[0.717s] Level 5:colcon.colcon_core.verb:set package 'security_coverage_robot' build argument 'cmake_target_skip_unavailable' from command line to 'False'
[0.719s] Level 5:colcon.colcon_core.verb:set package 'security_coverage_robot' build argument 'cmake_clean_cache' from command line to 'False'
[0.721s] Level 5:colcon.colcon_core.verb:set package 'security_coverage_robot' build argument 'cmake_clean_first' from command line to 'False'
[0.723s] Level 5:colcon.colcon_core.verb:set package 'security_coverage_robot' build argument 'cmake_force_configure' from command line to 'False'
[0.725s] Level 5:colcon.colcon_core.verb:set package 'security_coverage_robot' build argument 'ament_cmake_args' from command line to 'None'
[0.728s] Level 5:colcon.colcon_core.verb:set package 'security_coverage_robot' build argument 'catkin_cmake_args' from command line to 'None'
[0.730s] Level 5:colcon.colcon_core.verb:set package 'security_coverage_robot' build argument 'catkin_skip_building_tests' from command line to 'False'
[0.732s] DEBUG:colcon.colcon_core.verb:Building package 'security_coverage_robot' with the following arguments: {'ament_cmake_args': None, 'build_base': '/home/eiamw001/CSCI4511_project/build/security_coverage_robot', 'catkin_cmake_args': None, 'catkin_skip_building_tests': False, 'cmake_args': None, 'cmake_clean_cache': False, 'cmake_clean_first': False, 'cmake_force_configure': False, 'cmake_target': None, 'cmake_target_skip_unavailable': False, 'install_base': '/home/eiamw001/CSCI4511_project/install/security_coverage_robot', 'merge_install': False, 'path': '/home/eiamw001/CSCI4511_project/src/security_coverage_robot', 'symlink_install': True, 'test_result_base': None}
[0.734s] INFO:colcon.colcon_core.executor:Executing jobs using 'parallel' executor
[0.736s] DEBUG:colcon.colcon_parallel_executor.executor.parallel:run_until_complete
[0.738s] INFO:colcon.colcon_core.task.python.build:Building Python package in '/home/eiamw001/CSCI4511_project/src/security_coverage_robot'
[0.742s] INFO:colcon.colcon_core.plugin_system:Skipping extension 'colcon_core.shell.bat': Not used on non-Windows systems
[0.744s] INFO:colcon.colcon_core.shell:Skip shell extension 'powershell' for command environment: Not usable outside of PowerShell
[0.745s] DEBUG:colcon.colcon_core.shell:Skip shell extension 'dsv' for command environment
[1.908s] DEBUG:colcon.colcon_core.event_handler.log_command:Invoking command in '/home/eiamw001/CSCI4511_project/build/security_coverage_robot': DEBUGINFOD_URLS=https://debuginfod.ubuntu.com PYTHONPATH=/home/eiamw001/CSCI4511_project/build/security_coverage_robot/prefix_override:/usr/lib/python3/dist-packages/colcon_core/task/python/colcon_distutils_commands:/home/eiamw001/CSCI4511_project/install/security_coverage_robot/lib/python3.12/site-packages:${PYTHONPATH} _=/usr/bin/env /usr/bin/python3 -W ignore:setup.py install is deprecated -W ignore:easy_install command is deprecated setup.py develop --editable --build-directory /home/eiamw001/CSCI4511_project/build/security_coverage_robot/build --no-deps symlink_data
[3.451s] Level 1:colcon.colcon_core.shell:create_environment_hook('security_coverage_robot', 'pythonpath_develop')
[3.451s] INFO:colcon.colcon_core.shell:Creating environment hook '/home/eiamw001/CSCI4511_project/build/security_coverage_robot/share/security_coverage_robot/hook/pythonpath_develop.ps1'
[3.451s] DEBUG:colcon.colcon_core.event_handler.log_command:Invoked command in '/home/eiamw001/CSCI4511_project/build/security_coverage_robot' returned '0': DEBUGINFOD_URLS=https://debuginfod.ubuntu.com PYTHONPATH=/home/eiamw001/CSCI4511_project/build/security_coverage_robot/prefix_override:/usr/lib/python3/dist-packages/colcon_core/task/python/colcon_distutils_commands:/home/eiamw001/CSCI4511_project/install/security_coverage_robot/lib/python3.12/site-packages:${PYTHONPATH} _=/usr/bin/env /usr/bin/python3 -W ignore:setup.py install is deprecated -W ignore:easy_install command is deprecated setup.py develop --editable --build-directory /home/eiamw001/CSCI4511_project/build/security_coverage_robot/build --no-deps symlink_data
[3.460s] INFO:colcon.colcon_core.shell:Creating environment descriptor '/home/eiamw001/CSCI4511_project/build/security_coverage_robot/share/security_coverage_robot/hook/pythonpath_develop.dsv'
[3.466s] INFO:colcon.colcon_core.shell:Creating environment hook '/home/eiamw001/CSCI4511_project/build/security_coverage_robot/share/security_coverage_robot/hook/pythonpath_develop.sh'
[3.474s] Level 1:colcon.colcon_core.environment:checking '/home/eiamw001/CSCI4511_project/install/security_coverage_robot' for CMake module files
[3.476s] Level 1:colcon.colcon_core.environment:checking '/home/eiamw001/CSCI4511_project/install/security_coverage_robot' for CMake config files
[3.487s] Level 1:colcon.colcon_core.environment:checking '/home/eiamw001/CSCI4511_project/install/security_coverage_robot/lib'
[3.488s] Level 1:colcon.colcon_core.environment:checking '/home/eiamw001/CSCI4511_project/install/security_coverage_robot/bin'
[3.489s] Level 1:colcon.colcon_core.environment:checking '/home/eiamw001/CSCI4511_project/install/security_coverage_robot/lib/pkgconfig/security_coverage_robot.pc'
[3.491s] Level 1:colcon.colcon_core.environment:checking '/home/eiamw001/CSCI4511_project/install/security_coverage_robot/lib/python3.12/site-packages'
[3.493s] Level 1:colcon.colcon_core.shell:create_environment_hook('security_coverage_robot', 'pythonpath')
[3.495s] INFO:colcon.colcon_core.shell:Creating environment hook '/home/eiamw001/CSCI4511_project/install/security_coverage_robot/share/security_coverage_robot/hook/pythonpath.ps1'
[3.504s] INFO:colcon.colcon_core.shell:Creating environment descriptor '/home/eiamw001/CSCI4511_project/install/security_coverage_robot/share/security_coverage_robot/hook/pythonpath.dsv'
[3.510s] INFO:colcon.colcon_core.shell:Creating environment hook '/home/eiamw001/CSCI4511_project/install/security_coverage_robot/share/security_coverage_robot/hook/pythonpath.sh'
[3.516s] Level 1:colcon.colcon_core.environment:checking '/home/eiamw001/CSCI4511_project/install/security_coverage_robot/bin'
[3.516s] Level 1:colcon.colcon_core.environment:create_environment_scripts_only(security_coverage_robot)
[3.518s] INFO:colcon.colcon_core.shell:Creating package script '/home/eiamw001/CSCI4511_project/install/security_coverage_robot/share/security_coverage_robot/package.ps1'
[3.527s] INFO:colcon.colcon_core.shell:Creating package descriptor '/home/eiamw001/CSCI4511_project/install/security_coverage_robot/share/security_coverage_robot/package.dsv'
[3.533s] INFO:colcon.colcon_core.shell:Creating package script '/home/eiamw001/CSCI4511_project/install/security_coverage_robot/share/security_coverage_robot/package.sh'
[3.539s] INFO:colcon.colcon_core.shell:Creating package script '/home/eiamw001/CSCI4511_project/install/security_coverage_robot/share/security_coverage_robot/package.bash'
[3.546s] INFO:colcon.colcon_core.shell:Creating package script '/home/eiamw001/CSCI4511_project/install/security_coverage_robot/share/security_coverage_robot/package.zsh'
[3.552s] Level 1:colcon.colcon_core.environment:create_file_with_runtime_dependencies(/home/eiamw001/CSCI4511_project/install/security_coverage_robot/share/colcon-core/packages/security_coverage_robot)
[3.558s] DEBUG:colcon.colcon_parallel_executor.executor.parallel:closing loop
[3.559s] DEBUG:colcon.colcon_parallel_executor.executor.parallel:loop closed
[3.560s] DEBUG:colcon.colcon_parallel_executor.executor.parallel:run_until_complete finished with '0'
[3.560s] DEBUG:colcon.colcon_core.event_reactor:joining thread
[3.575s] INFO:colcon.colcon_core.plugin_system:Skipping extension 'colcon_notification.desktop_notification.terminal_notifier': Not used on non-Darwin systems
[3.575s] INFO:colcon.colcon_core.plugin_system:Skipping extension 'colcon_notification.desktop_notification.win32': Not used on non-Windows systems
[3.577s] INFO:colcon.colcon_notification.desktop_notification:Sending desktop notification using 'notify2'
[3.590s] DEBUG:colcon.colcon_core.event_reactor:joined thread
[3.590s] INFO:colcon.colcon_core.shell:Creating prefix script '/home/eiamw001/CSCI4511_project/install/local_setup.ps1'
[3.599s] INFO:colcon.colcon_core.shell:Creating prefix util module '/home/eiamw001/CSCI4511_project/install/_local_setup_util_ps1.py'
[3.605s] INFO:colcon.colcon_core.shell:Creating prefix chain script '/home/eiamw001/CSCI4511_project/install/setup.ps1'
[3.614s] INFO:colcon.colcon_core.shell:Creating prefix script '/home/eiamw001/CSCI4511_project/install/local_setup.sh'
[3.620s] INFO:colcon.colcon_core.shell:Creating prefix util module '/home/eiamw001/CSCI4511_project/install/_local_setup_util_sh.py'
[3.626s] INFO:colcon.colcon_core.shell:Creating prefix chain script '/home/eiamw001/CSCI4511_project/install/setup.sh'
[3.635s] INFO:colcon.colcon_core.shell:Creating prefix script '/home/eiamw001/CSCI4511_project/install/local_setup.bash'
[3.641s] INFO:colcon.colcon_core.shell:Creating prefix chain script '/home/eiamw001/CSCI4511_project/install/setup.bash'
[3.648s] INFO:colcon.colcon_core.shell:Creating prefix script '/home/eiamw001/CSCI4511_project/install/local_setup.zsh'
[3.654s] INFO:colcon.colcon_core.shell:Creating prefix chain script '/home/eiamw001/CSCI4511_project/install/setup.zsh'
