[0.000000] (-) TimerEvent: {}
[0.000090] (security_coverage_robot) JobQueued: {'identifier': 'security_coverage_robot', 'dependencies': OrderedDict()}
[0.000117] (security_coverage_robot) JobStarted: {'identifier': 'security_coverage_robot'}
[0.097959] (-) TimerEvent: {}
[0.198254] (-) TimerEvent: {}
[0.298556] (-) TimerEvent: {}
[0.398766] (-) TimerEvent: {}
[0.499034] (-) TimerEvent: {}
[0.599338] (-) TimerEvent: {}
[0.699653] (-) TimerEvent: {}
[0.799973] (-) TimerEvent: {}
[0.898786] (security_coverage_robot) Command: {'cmd': ['/usr/bin/python3', '-W', 'ignore:setup.py install is deprecated', '-W', 'ignore:easy_install command is deprecated', 'setup.py', 'develop', '--editable', '--build-directory', '/home/eiamw001/CSCI4511_project/build/security_coverage_robot/build', '--no-deps', 'symlink_data'], 'cwd': '/home/eiamw001/CSCI4511_project/build/security_coverage_robot', 'env': {'SHELL': '/bin/bash', 'ROS_VERSION': '2', 'SESSION_MANAGER': 'local/csel-kh1260-15:@/tmp/.ICE-unix/321231,unix/csel-kh1260-15:/tmp/.ICE-unix/321231', 'GZ_SIM_RESOURCE_PATH': '/opt/ros/jazzy/share', 'QT_ACCESSIBILITY': '1', 'COLORTERM': 'truecolor', 'XDG_CONFIG_DIRS': '/etc/xdg/xdg-ubuntu:/etc/xdg', 'XDG_MENU_PREFIX': 'gnome-', 'GNOME_DESKTOP_SESSION_ID': 'this-is-deprecated', 'CONDA_EXE': '/opt/conda/bin/conda', '_CE_M': '', 'PKG_CONFIG_PATH': '/home/eiamw001/robotics_deps/install/lib/pkgconfig:/home/eiamw001/robotics_deps/install/lib/pkgconfig:', 'ROS_PYTHON_VERSION': '3', 'LANGUAGE': 'en_US.UTF-8', 'GNOME_SHELL_SESSION_MODE': 'ubuntu', 'SSH_AUTH_SOCK': '/run/user/2835123/keyring/ssh', 'GZ_CONFIG_PATH': '/opt/ros/jazzy/opt/gz_sim_vendor/share/gz:/opt/ros/jazzy/opt/sdformat_vendor/share/gz:/opt/ros/jazzy/opt/gz_gui_vendor/share/gz:/opt/ros/jazzy/opt/gz_transport_vendor/share/gz:/opt/ros/jazzy/opt/gz_rendering_vendor/share/gz:/opt/ros/jazzy/opt/gz_plugin_vendor/share/gz:/opt/ros/jazzy/opt/gz_fuel_tools_vendor/share/gz:/opt/ros/jazzy/opt/gz_msgs_vendor/share/gz:/opt/ros/jazzy/opt/gz_common_vendor/share/gz', '_LMFILES__modshare': '/usr/local/modules-tcl/modulefiles/system:1', 'MEMORY_PRESSURE_WRITE': 'c29tZSAyMDAwMDAgMjAwMDAwMAA=', 'SMPATH': '/soft/supermongo/2.4.13/lib/sm/ ~ .', 'XMODIFIERS': '@im=ibus', 'DESKTOP_SESSION': 'ubuntu', 'MANPATH_modshare': '/usr/man:1::1:/usr/X11R6/man:1:/soft/supermongo/2.4.13/man:1:/usr/local/man:1:/usr/share/man:1:/opt/puppetlabs/puppet/share/man:1', 'EDITOR': 'vim', 'GTK_MODULES': 'gail:atk-bridge', 'ENV': '/usr/local/modules-tcl/init/profile.sh', 'PWD': '/home/eiamw001/CSCI4511_project/build/security_coverage_robot', 'KRB5CCNAME': 'FILE:/tmp/krb5cc_2835123_tuSK5l', 'LOGNAME': 'eiamw001', 'XDG_SESSION_DESKTOP': 'ubuntu', 'XDG_SESSION_TYPE': 'wayland', 'MODULESHOME': '/usr/local/modules-tcl', 'MANPATH': ':/opt/puppetlabs/puppet/share/man:/soft/supermongo/2.4.13/man:/usr/man:/usr/share/man:/usr/local/man:/usr/X11R6/man', 'SYSTEMD_EXEC_PID': '321264', 'XAUTHORITY': '/run/user/2835123/.mutter-Xwaylandauth.61JVO3', 'HOME': '/home/eiamw001', 'USERNAME': 'eiamw001', 'IM_CONFIG_PHASE': '1', 'LANG': 'en_US.UTF-8', 'XDG_CURRENT_DESKTOP': 'ubuntu:GNOME', 'MEMORY_PRESSURE_WATCH': '/sys/fs/cgroup/user.slice/user-2835123.slice/user@2835123.service/session.slice/org.gnome.Shell@wayland.service/memory.pressure', 'VTE_VERSION': '7600', 'WAYLAND_DISPLAY': 'wayland-0', 'AMENT_PREFIX_PATH': '/home/eiamw001/CSCI4511_project/install/security_coverage_robot:/home/eiamw001/CSCI4511_project/install/security_coverage_robot:/opt/ros/jazzy', 'CMAKE_PREFIX_PATH': '/home/eiamw001/robotics_deps/install:/home/eiamw001/robotics_deps/install:/opt/ros/jazzy/opt/gz_sim_vendor:/opt/ros/jazzy/opt/gz_sensors_vendor:/opt/ros/jazzy/opt/gz_physics_vendor:/opt/ros/jazzy/opt/sdformat_vendor:/opt/ros/jazzy/opt/gz_gui_vendor:/opt/ros/jazzy/opt/gz_transport_vendor:/opt/ros/jazzy/opt/gz_rendering_vendor:/opt/ros/jazzy/opt/gz_plugin_vendor:/opt/ros/jazzy/opt/gz_fuel_tools_vendor:/opt/ros/jazzy/opt/gz_msgs_vendor:/opt/ros/jazzy/opt/gz_common_vendor:/opt/ros/jazzy/opt/gz_math_vendor:/opt/ros/jazzy/opt/gz_utils_vendor:/opt/ros/jazzy/opt/gz_tools_vendor:/opt/ros/jazzy/opt/gz_ogre_next_vendor:/opt/ros/jazzy/opt/gz_dartsim_vendor:/opt/ros/jazzy/opt/gz_cmake_vendor', 'GNOME_TERMINAL_SCREEN': '/org/gnome/Terminal/screen/8b2e386d_705a_426b_8b3a_252c55a4a912', 'ROS_AUTOMATIC_DISCOVERY_RANGE': 'LOCALHOST', 'GAZEBO_RESOURCE_PATH': '/opt/ros/jazzy/share', 'COLCON_PREFIX_PATH': '/home/eiamw001/CSCI4511_project/install', 'QTWEBENGINE_DICTIONARIES_PATH': '/usr/share/hunspell-bdic/', 'PATH_modshare': '/usr/bin:2:/opt/conda/condabin:1:/usr/local/bin:1:/soft/MATLAB/R2024b/bin:1:/soft/instantclient/21_3:1:/soft/idea/2024.2.4/bin:1:/bin:2:/opt/puppetlabs/bin:1:/snap/bin:1:/usr/local/scripts:1:/usr/local/modules-tcl/bin:1:/sbin:2:/usr/sbin:2:/usr/games:1:/usr/local/sbin:1:/soft/sqldeveloper/21.2.1.204.1703-no-jre/bin:1:/soft/supermongo/2.4.13/bin:1:/usr/local/games:1', 'GNOME_SETUP_DISPLAY': ':3', 'MODULEPATH_modshare': '/usr/local/modules-tcl/modulefiles:1', 'LESSCLOSE': '/usr/bin/lesspipe %s %s', 'XDG_SESSION_CLASS': 'user', 'LOADEDMODULES_modshare': 'system:1', 'PYTHONPATH': '/home/eiamw001/CSCI4511_project/build/security_coverage_robot/prefix_override:/usr/lib/python3/dist-packages/colcon_core/task/python/colcon_distutils_commands:/home/eiamw001/CSCI4511_project/install/security_coverage_robot/lib/python3.12/site-packages:/home/eiamw001/CSCI4511_project/build/security_coverage_robot:/home/eiamw001/CSCI4511_project/install/security_coverage_robot/lib/python3.12/site-packages:/opt/ros/jazzy/lib/python3.12/site-packages', 'COLCON': '1', 'TERM': 'xterm-256color', 'ROBOTICS_DEPS': '/home/eiamw001/robotics_deps/install', '_CE_CONDA': '', 'LESSOPEN': '| /usr/bin/lesspipe %s', 'USER': 'eiamw001', 'GNOME_TERMINAL_SERVICE': ':1.179', 'CONDA_SHLVL': '0', 'CLUTTER_DISABLE_MIPMAPPED_TEXT': '1', 'VISUAL': 'vim', 'LOADEDMODULES': 'system', 'DISPLAY': ':2', 'SHLVL': '1', 'BASH_ENV': '/usr/local/modules-tcl/init/bash', 'GSM_SKIP_SSH_AGENT_WORKAROUND': 'true', 'PAGER': 'less', 'TURTLEBOT3_MODEL': 'waffle', 'QT_IM_MODULE': 'ibus', 'IGN_GAZEBO_RESOURCE_PATH': '/opt/ros/jazzy/share', 'CONDA_PYTHON_EXE': '/opt/conda/bin/python', 'LD_LIBRARY_PATH': '/home/eiamw001/robotics_deps/install/lib:/home/eiamw001/robotics_deps/install/lib:/opt/ros/jazzy/opt/gz_sim_vendor/lib:/opt/ros/jazzy/opt/gz_sensors_vendor/lib:/opt/ros/jazzy/opt/gz_physics_vendor/lib:/opt/ros/jazzy/opt/sdformat_vendor/lib:/opt/ros/jazzy/opt/rviz_ogre_vendor/lib:/opt/ros/jazzy/lib/x86_64-linux-gnu:/opt/ros/jazzy/opt/gz_gui_vendor/lib:/opt/ros/jazzy/opt/gz_transport_vendor/lib:/opt/ros/jazzy/opt/gz_rendering_vendor/lib:/opt/ros/jazzy/opt/gz_plugin_vendor/lib:/opt/ros/jazzy/opt/gz_fuel_tools_vendor/lib:/opt/ros/jazzy/opt/gz_msgs_vendor/lib:/opt/ros/jazzy/opt/gz_common_vendor/lib:/opt/ros/jazzy/opt/gz_math_vendor/lib:/opt/ros/jazzy/opt/gz_utils_vendor/lib:/opt/ros/jazzy/opt/gz_tools_vendor/lib:/opt/ros/jazzy/opt/gz_ogre_next_vendor/lib:/opt/ros/jazzy/opt/gz_dartsim_vendor/lib:/opt/ros/jazzy/opt/gz_cmake_vendor/lib:/opt/ros/jazzy/lib', 'IGN_GAZEBO_MODEL_PATH': '/opt/ros/jazzy/share', 'XDG_RUNTIME_DIR': '/run/user/2835123', 'DEBUGINFOD_URLS': 'https://debuginfod.ubuntu.com', 'GAZEBO_MODEL_PATH': '/opt/ros/jazzy/share:/opt/ros/jazzy/share/turtlebot3_gazebo/models', 'XDG_DATA_DIRS': '/usr/share/ubuntu:/usr/share/gnome:/usr/local/share/:/usr/share/:/var/lib/snapd/desktop', 'PATH': '/home/eiamw001/robotics_deps/install/bin:/home/eiamw001/robotics_deps/install/bin:/opt/ros/jazzy/opt/gz_msgs_vendor/bin:/opt/ros/jazzy/opt/gz_tools_vendor/bin:/opt/ros/jazzy/opt/gz_ogre_next_vendor/bin:/opt/ros/jazzy/bin:/usr/local/modules-tcl/bin:/opt/conda/condabin:/usr/local/sbin:/usr/local/bin:/usr/sbin:/usr/bin:/sbin:/bin:/usr/games:/usr/local/games:/snap/bin:/snap/bin:/usr/local/scripts:/opt/puppetlabs/bin:/soft/idea/2024.2.4/bin:/soft/instantclient/21_3:/soft/MATLAB/R2024b/bin:/soft/sqldeveloper/21.2.1.204.1703-no-jre/bin:/soft/supermongo/2.4.13/bin', 'MODULEPATH': '/usr/local/modules-tcl/modulefiles', 'GDMSESSION': 'ubuntu', '_LMFILES_': '/usr/local/modules-tcl/modulefiles/system', 'DBUS_SESSION_BUS_ADDRESS': 'unix:path=/run/user/2835123/bus', 'ROS_DISTRO': 'jazzy', 'MODULES_CMD': '/usr/local/modules-tcl/libexec/modulecmd.tcl', 'BASH_FUNC_switchml%%': '() {  typeset swfound=1;\n if [ "${MODULES_USE_COMPAT_VERSION:-0}" = \'1\' ]; then\n typeset swname=\'main\';\n if [ -e /usr/local/modules-tcl/libexec/modulecmd.tcl ]; then\n typeset swfound=0;\n unset MODULES_USE_COMPAT_VERSION;\n fi;\n else\n typeset swname=\'compatibility\';\n if [ -e /usr/local/modules-tcl/libexec/modulecmd-compat ]; then\n typeset swfound=0;\n MODULES_USE_COMPAT_VERSION=1;\n export MODULES_USE_COMPAT_VERSION;\n fi;\n fi;\n if [ $swfound -eq 0 ]; then\n echo "Switching to Modules $swname version";\n source /usr/local/modules-tcl/init/bash;\n else\n echo "Cannot switch to Modules $swname version, command not found";\n return 1;\n fi\n}', 'BASH_FUNC_module%%': '() {  _module_raw "$@" 2>&1\n}', 'BASH_FUNC__module_raw%%': '() {  unset _mlre _mlIFS _mlshdbg;\n if [ "${MODULES_SILENT_SHELL_DEBUG:-0}" = \'1\' ]; then\n case "$-" in \n *v*x*)\n set +vx;\n _mlshdbg=\'vx\'\n ;;\n *v*)\n set +v;\n _mlshdbg=\'v\'\n ;;\n *x*)\n set +x;\n _mlshdbg=\'x\'\n ;;\n *)\n _mlshdbg=\'\'\n ;;\n esac;\n fi;\n if [ -n "${IFS+x}" ]; then\n _mlIFS=$IFS;\n fi;\n IFS=\' \';\n for _mlv in ${MODULES_RUN_QUARANTINE:-};\n do\n if [ "${_mlv}" = "${_mlv##*[!A-Za-z0-9_]}" -a "${_mlv}" = "${_mlv#[0-9]}" ]; then\n if [ -n "`eval \'echo ${\'$_mlv\'+x}\'`" ]; then\n _mlre="${_mlre:-}${_mlv}_modquar=\'`eval \'echo ${\'$_mlv\'}\'`\' ";\n fi;\n _mlrv="MODULES_RUNENV_${_mlv}";\n _mlre="${_mlre:-}${_mlv}=\'`eval \'echo ${\'$_mlrv\':-}\'`\' ";\n fi;\n done;\n if [ -n "${_mlre:-}" ]; then\n eval `eval ${_mlre}/usr/bin/tclsh /usr/local/modules-tcl/libexec/modulecmd.tcl bash \'"$@"\'`;\n else\n eval `/usr/bin/tclsh /usr/local/modules-tcl/libexec/modulecmd.tcl bash "$@"`;\n fi;\n _mlstatus=$?;\n if [ -n "${_mlIFS+x}" ]; then\n IFS=$_mlIFS;\n else\n unset IFS;\n fi;\n if [ -n "${_mlshdbg:-}" ]; then\n set -$_mlshdbg;\n fi;\n unset _mlre _mlv _mlrv _mlIFS _mlshdbg;\n return $_mlstatus\n}', '_': '/usr/bin/env'}, 'shell': False}
[0.913282] (-) TimerEvent: {}
[1.013408] (-) TimerEvent: {}
[1.113557] (-) TimerEvent: {}
[1.213702] (-) TimerEvent: {}
[1.275279] (security_coverage_robot) StdoutLine: {'line': b'running develop\n'}
[1.313792] (-) TimerEvent: {}
[1.413936] (-) TimerEvent: {}
[1.473232] (security_coverage_robot) StdoutLine: {'line': b'running egg_info\n'}
[1.491964] (security_coverage_robot) StdoutLine: {'line': b'writing security_coverage_robot.egg-info/PKG-INFO\n'}
[1.498596] (security_coverage_robot) StdoutLine: {'line': b'writing dependency_links to security_coverage_robot.egg-info/dependency_links.txt\n'}
[1.504403] (security_coverage_robot) StdoutLine: {'line': b'writing entry points to security_coverage_robot.egg-info/entry_points.txt\n'}
[1.510425] (security_coverage_robot) StdoutLine: {'line': b'writing requirements to security_coverage_robot.egg-info/requires.txt\n'}
[1.513986] (-) TimerEvent: {}
[1.515785] (security_coverage_robot) StdoutLine: {'line': b'writing top-level names to security_coverage_robot.egg-info/top_level.txt\n'}
[1.614063] (-) TimerEvent: {}
[1.714208] (-) TimerEvent: {}
[1.814362] (-) TimerEvent: {}
[1.914510] (-) TimerEvent: {}
[2.014652] (-) TimerEvent: {}
[2.114790] (-) TimerEvent: {}
[2.214937] (-) TimerEvent: {}
[2.221562] (security_coverage_robot) StdoutLine: {'line': b"writing manifest file 'security_coverage_robot.egg-info/SOURCES.txt'\n"}
[2.266990] (security_coverage_robot) StdoutLine: {'line': b'running build_ext\n'}
[2.267094] (security_coverage_robot) StdoutLine: {'line': b'Creating /home/eiamw001/CSCI4511_project/install/security_coverage_robot/lib/python3.12/site-packages/security-coverage-robot.egg-link (link to .)\n'}
[2.274248] (security_coverage_robot) StdoutLine: {'line': b'Installing control_node script to /home/eiamw001/CSCI4511_project/install/security_coverage_robot/lib/security_coverage_robot\n'}
[2.283655] (security_coverage_robot) StdoutLine: {'line': b'Installing metrics_node script to /home/eiamw001/CSCI4511_project/install/security_coverage_robot/lib/security_coverage_robot\n'}
[2.292025] (security_coverage_robot) StdoutLine: {'line': b'Installing perception_node script to /home/eiamw001/CSCI4511_project/install/security_coverage_robot/lib/security_coverage_robot\n'}
[2.300391] (security_coverage_robot) StdoutLine: {'line': b'Installing planner_node script to /home/eiamw001/CSCI4511_project/install/security_coverage_robot/lib/security_coverage_robot\n'}
[2.308642] (security_coverage_robot) StdoutLine: {'line': b'\n'}
[2.309919] (security_coverage_robot) StdoutLine: {'line': b'Installed /home/eiamw001/CSCI4511_project/build/security_coverage_robot\n'}
[2.309948] (security_coverage_robot) StdoutLine: {'line': b'running symlink_data\n'}
[2.314991] (-) TimerEvent: {}
[2.344183] (security_coverage_robot) CommandEnded: {'returncode': 0}
[2.415058] (-) TimerEvent: {}
[2.442264] (security_coverage_robot) JobEnded: {'identifier': 'security_coverage_robot', 'rc': 0}
[2.449903] (-) EventReactorShutdown: {}
