[0.075s] DEBUG:colcon:Command line arguments: ['/usr/bin/colcon', 'build']
[0.075s] DEBUG:colcon:Parsed command line arguments: Namespace(log_base=None, log_level=None, verb_name='build', build_base='build', install_base='install', merge_install=False, symlink_install=False, test_result_base=None, continue_on_error=False, executor='parallel', parallel_workers=28, event_handlers=None, ignore_user_meta=False, metas=['./colcon.meta'], base_paths=['.'], packages_ignore=None, packages_ignore_regex=None, paths=None, packages_up_to=None, packages_up_to_regex=None, packages_above=None, packages_above_and_dependencies=None, packages_above_depth=None, packages_select_by_dep=None, packages_skip_by_dep=None, packages_skip_up_to=None, packages_select_build_failed=False, packages_skip_build_finished=False, packages_select_test_failures=False, packages_skip_test_passed=False, packages_select=None, packages_skip=None, packages_select_regex=None, packages_skip_regex=None, packages_start=None, packages_end=None, allow_overriding=[], cmake_args=None, cmake_target=None, cmake_target_skip_unavailable=False, cmake_clean_cache=False, cmake_clean_first=False, cmake_force_configure=False, ament_cmake_args=None, catkin_cmake_args=None, catkin_skip_building_tests=False, mixin_files=None, mixin=None, verb_parser=<colcon_mixin.mixin.mixin_argument.MixinArgumentDecorator object at 0x73c3e8b2a2d0>, verb_extension=<colcon_core.verb.build.BuildVerb object at 0x73c3e8b29f70>, main=<bound method BuildVerb.main of <colcon_core.verb.build.BuildVerb object at 0x73c3e8b29f70>>, mixin_verb=('build',))
[0.157s] Level 1:colcon.colcon_core.package_discovery:discover_packages(colcon_meta) check parameters
[0.157s] Level 1:colcon.colcon_core.package_discovery:discover_packages(recursive) check parameters
[0.160s] Level 1:colcon.colcon_core.package_discovery:discover_packages(ignore) check parameters
[0.160s] Level 1:colcon.colcon_core.package_discovery:discover_packages(path) check parameters
[0.160s] Level 1:colcon.colcon_core.package_discovery:discover_packages(colcon_meta) discover
[0.162s] Level 1:colcon.colcon_core.package_discovery:discover_packages(recursive) discover
[0.162s] INFO:colcon.colcon_core.package_discovery:Crawling recursively for packages in '/home/eiamw001/CSCI4511_project'
[0.164s] Level 1:colcon.colcon_core.package_identification:_identify(.) by extensions ['ignore', 'ignore_ament_install']
[0.165s] Level 1:colcon.colcon_core.package_identification:_identify(.) by extension 'ignore'
[0.167s] Level 1:colcon.colcon_core.package_identification:_identify(.) by extension 'ignore_ament_install'
[0.169s] Level 1:colcon.colcon_core.package_identification:_identify(.) by extensions ['colcon_pkg']
[0.171s] Level 1:colcon.colcon_core.package_identification:_identify(.) by extension 'colcon_pkg'
[0.171s] Level 1:colcon.colcon_core.package_identification:_identify(.) by extensions ['colcon_meta']
[0.173s] Level 1:colcon.colcon_core.package_identification:_identify(.) by extension 'colcon_meta'
[0.175s] Level 1:colcon.colcon_core.package_identification:_identify(.) by extensions ['ros']
[0.175s] Level 1:colcon.colcon_core.package_identification:_identify(.) by extension 'ros'
[0.190s] Level 1:colcon.colcon_core.package_identification:_identify(.) by extensions ['cmake', 'python']
[0.190s] Level 1:colcon.colcon_core.package_identification:_identify(.) by extension 'cmake'
[0.192s] Level 1:colcon.colcon_core.package_identification:_identify(.) by extension 'python'
[0.194s] Level 1:colcon.colcon_core.package_identification:_identify(.) by extensions ['python_setup_py']
[0.196s] Level 1:colcon.colcon_core.package_identification:_identify(.) by extension 'python_setup_py'
[0.199s] Level 1:colcon.colcon_core.package_identification:_identify(build) by extensions ['ignore', 'ignore_ament_install']
[0.200s] Level 1:colcon.colcon_core.package_identification:_identify(build) by extension 'ignore'
[0.202s] Level 1:colcon.colcon_core.package_identification:_identify(build) ignored
[0.204s] Level 1:colcon.colcon_core.package_identification:_identify(install) by extensions ['ignore', 'ignore_ament_install']
[0.206s] Level 1:colcon.colcon_core.package_identification:_identify(install) by extension 'ignore'
[0.207s] Level 1:colcon.colcon_core.package_identification:_identify(install) ignored
[0.210s] Level 1:colcon.colcon_core.package_identification:_identify(launches) by extensions ['ignore', 'ignore_ament_install']
[0.211s] Level 1:colcon.colcon_core.package_identification:_identify(launches) by extension 'ignore'
[0.213s] Level 1:colcon.colcon_core.package_identification:_identify(launches) by extension 'ignore_ament_install'
[0.215s] Level 1:colcon.colcon_core.package_identification:_identify(launches) by extensions ['colcon_pkg']
[0.217s] Level 1:colcon.colcon_core.package_identification:_identify(launches) by extension 'colcon_pkg'
[0.218s] Level 1:colcon.colcon_core.package_identification:_identify(launches) by extensions ['colcon_meta']
[0.218s] Level 1:colcon.colcon_core.package_identification:_identify(launches) by extension 'colcon_meta'
[0.218s] Level 1:colcon.colcon_core.package_identification:_identify(launches) by extensions ['ros']
[0.220s] Level 1:colcon.colcon_core.package_identification:_identify(launches) by extension 'ros'
[0.222s] Level 1:colcon.colcon_core.package_identification:_identify(launches) by extensions ['cmake', 'python']
[0.224s] Level 1:colcon.colcon_core.package_identification:_identify(launches) by extension 'cmake'
[0.226s] Level 1:colcon.colcon_core.package_identification:_identify(launches) by extension 'python'
[0.228s] Level 1:colcon.colcon_core.package_identification:_identify(launches) by extensions ['python_setup_py']
[0.230s] Level 1:colcon.colcon_core.package_identification:_identify(launches) by extension 'python_setup_py'
[0.234s] Level 1:colcon.colcon_core.package_identification:_identify(log) by extensions ['ignore', 'ignore_ament_install']
[0.234s] Level 1:colcon.colcon_core.package_identification:_identify(log) by extension 'ignore'
[0.236s] Level 1:colcon.colcon_core.package_identification:_identify(log) ignored
[0.238s] Level 1:colcon.colcon_core.package_identification:_identify(src) by extensions ['ignore', 'ignore_ament_install']
[0.240s] Level 1:colcon.colcon_core.package_identification:_identify(src) by extension 'ignore'
[0.242s] Level 1:colcon.colcon_core.package_identification:_identify(src) by extension 'ignore_ament_install'
[0.244s] Level 1:colcon.colcon_core.package_identification:_identify(src) by extensions ['colcon_pkg']
[0.245s] Level 1:colcon.colcon_core.package_identification:_identify(src) by extension 'colcon_pkg'
[0.247s] Level 1:colcon.colcon_core.package_identification:_identify(src) by extensions ['colcon_meta']
[0.249s] Level 1:colcon.colcon_core.package_identification:_identify(src) by extension 'colcon_meta'
[0.251s] Level 1:colcon.colcon_core.package_identification:_identify(src) by extensions ['ros']
[0.253s] Level 1:colcon.colcon_core.package_identification:_identify(src) by extension 'ros'
[0.255s] Level 1:colcon.colcon_core.package_identification:_identify(src) by extensions ['cmake', 'python']
[0.257s] Level 1:colcon.colcon_core.package_identification:_identify(src) by extension 'cmake'
[0.259s] Level 1:colcon.colcon_core.package_identification:_identify(src) by extension 'python'
[0.260s] Level 1:colcon.colcon_core.package_identification:_identify(src) by extensions ['python_setup_py']
[0.262s] Level 1:colcon.colcon_core.package_identification:_identify(src) by extension 'python_setup_py'
[0.265s] Level 1:colcon.colcon_core.package_identification:_identify(src/security_coverage_robot) by extensions ['ignore', 'ignore_ament_install']
[0.266s] Level 1:colcon.colcon_core.package_identification:_identify(src/security_coverage_robot) by extension 'ignore'
[0.268s] Level 1:colcon.colcon_core.package_identification:_identify(src/security_coverage_robot) by extension 'ignore_ament_install'
[0.270s] Level 1:colcon.colcon_core.package_identification:_identify(src/security_coverage_robot) by extensions ['colcon_pkg']
[0.272s] Level 1:colcon.colcon_core.package_identification:_identify(src/security_coverage_robot) by extension 'colcon_pkg'
[0.274s] Level 1:colcon.colcon_core.package_identification:_identify(src/security_coverage_robot) by extensions ['colcon_meta']
[0.274s] Level 1:colcon.colcon_core.package_identification:_identify(src/security_coverage_robot) by extension 'colcon_meta'
[0.276s] Level 1:colcon.colcon_core.package_identification:_identify(src/security_coverage_robot) by extensions ['ros']
[0.278s] Level 1:colcon.colcon_core.package_identification:_identify(src/security_coverage_robot) by extension 'ros'
[0.281s] DEBUG:colcon.colcon_core.package_identification:Failed to parse potential ROS package manifest in'src/security_coverage_robot': Error(s) in package 'src/security_coverage_robot/package.xml':
The manifest contains invalid XML:
junk after document element: line 2, column 0
[0.281s] Level 1:colcon.colcon_core.package_identification:_identify(src/security_coverage_robot) by extensions ['cmake', 'python']
[0.283s] Level 1:colcon.colcon_core.package_identification:_identify(src/security_coverage_robot) by extension 'cmake'
[0.285s] Level 1:colcon.colcon_core.package_identification:_identify(src/security_coverage_robot) by extension 'python'
[0.288s] DEBUG:colcon.colcon_core.package_identification:Python package in 'src/security_coverage_robot' passes arguments to the setup() function which requires a different identification extension than 'python'
[0.288s] Level 1:colcon.colcon_core.package_identification:_identify(src/security_coverage_robot) by extensions ['python_setup_py']
[0.290s] Level 1:colcon.colcon_core.package_identification:_identify(src/security_coverage_robot) by extension 'python_setup_py'
[0.551s] DEBUG:colcon.colcon_core.package_identification:Package 'src/security_coverage_robot' with type 'python' and name 'security_coverage_robot'
[0.551s] Level 1:colcon.colcon_core.package_discovery:discover_packages(recursive) using defaults
[0.553s] Level 1:colcon.colcon_core.package_discovery:discover_packages(ignore) discover
[0.553s] Level 1:colcon.colcon_core.package_discovery:discover_packages(ignore) using defaults
[0.553s] Level 1:colcon.colcon_core.package_discovery:discover_packages(path) discover
[0.553s] Level 1:colcon.colcon_core.package_discovery:discover_packages(path) using defaults
[0.563s] Level 1:colcon.colcon_core.package_discovery:discover_packages(prefix_path) check parameters
[0.563s] Level 1:colcon.colcon_core.package_discovery:discover_packages(prefix_path) discover
[0.572s] DEBUG:colcon.colcon_installed_package_information.package_discovery:Found 1 installed packages in /home/eiamw001/CSCI4511_project/install
[0.573s] DEBUG:colcon.colcon_installed_package_information.package_discovery:Found 554 installed packages in /opt/ros/jazzy
[0.575s] Level 1:colcon.colcon_core.package_discovery:discover_packages(prefix_path) using defaults
[0.618s] Level 5:colcon.colcon_core.verb:set package 'security_coverage_robot' build argument 'cmake_args' from command line to 'None'
[0.618s] Level 5:colcon.colcon_core.verb:set package 'security_coverage_robot' build argument 'cmake_target' from command line to 'None'
[0.618s] Level 5:colcon.colcon_core.verb:set package 'security_coverage_robot' build argument 'cmake_target_skip_unavailable' from command line to 'False'
[0.621s] Level 5:colcon.colcon_core.verb:set package 'security_coverage_robot' build argument 'cmake_clean_cache' from command line to 'False'
[0.623s] Level 5:colcon.colcon_core.verb:set package 'security_coverage_robot' build argument 'cmake_clean_first' from command line to 'False'
[0.625s] Level 5:colcon.colcon_core.verb:set package 'security_coverage_robot' build argument 'cmake_force_configure' from command line to 'False'
[0.627s] Level 5:colcon.colcon_core.verb:set package 'security_coverage_robot' build argument 'ament_cmake_args' from command line to 'None'
[0.629s] Level 5:colcon.colcon_core.verb:set package 'security_coverage_robot' build argument 'catkin_cmake_args' from command line to 'None'
[0.631s] Level 5:colcon.colcon_core.verb:set package 'security_coverage_robot' build argument 'catkin_skip_building_tests' from command line to 'False'
[0.633s] DEBUG:colcon.colcon_core.verb:Building package 'security_coverage_robot' with the following arguments: {'ament_cmake_args': None, 'build_base': '/home/eiamw001/CSCI4511_project/build/security_coverage_robot', 'catkin_cmake_args': None, 'catkin_skip_building_tests': False, 'cmake_args': None, 'cmake_clean_cache': False, 'cmake_clean_first': False, 'cmake_force_configure': False, 'cmake_target': None, 'cmake_target_skip_unavailable': False, 'install_base': '/home/eiamw001/CSCI4511_project/install/security_coverage_robot', 'merge_install': False, 'path': '/home/eiamw001/CSCI4511_project/src/security_coverage_robot', 'symlink_install': False, 'test_result_base': None}
[0.635s] INFO:colcon.colcon_core.executor:Executing jobs using 'parallel' executor
[0.638s] DEBUG:colcon.colcon_parallel_executor.executor.parallel:run_until_complete
[0.639s] INFO:colcon.colcon_core.task.python.build:Building Python package in '/home/eiamw001/CSCI4511_project/src/security_coverage_robot'
[0.642s] INFO:colcon.colcon_core.plugin_system:Skipping extension 'colcon_core.shell.bat': Not used on non-Windows systems
[0.643s] INFO:colcon.colcon_core.shell:Skip shell extension 'powershell' for command environment: Not usable outside of PowerShell
[0.643s] DEBUG:colcon.colcon_core.shell:Skip shell extension 'dsv' for command environment
[1.571s] DEBUG:colcon.colcon_core.event_handler.log_command:Invoking command in '/home/eiamw001/CSCI4511_project/src/security_coverage_robot': DEBUGINFOD_URLS=https://debuginfod.ubuntu.com PYTHONPATH=/home/eiamw001/CSCI4511_project/build/security_coverage_robot/prefix_override:/usr/lib/python3/dist-packages/colcon_core/task/python/colcon_distutils_commands:/home/eiamw001/CSCI4511_project/install/security_coverage_robot/lib/python3.12/site-packages:${PYTHONPATH} _=/usr/bin/env /usr/bin/python3 -W ignore:setup.py install is deprecated -W ignore:easy_install command is deprecated setup.py egg_info --egg-base ../../build/security_coverage_robot build --build-base /home/eiamw001/CSCI4511_project/build/security_coverage_robot/build install --record /home/eiamw001/CSCI4511_project/build/security_coverage_robot/install.log --single-version-externally-managed install_data
[2.503s] DEBUG:colcon.colcon_core.event_handler.log_command:Invoked command in '/home/eiamw001/CSCI4511_project/src/security_coverage_robot' returned '0': DEBUGINFOD_URLS=https://debuginfod.ubuntu.com PYTHONPATH=/home/eiamw001/CSCI4511_project/build/security_coverage_robot/prefix_override:/usr/lib/python3/dist-packages/colcon_core/task/python/colcon_distutils_commands:/home/eiamw001/CSCI4511_project/install/security_coverage_robot/lib/python3.12/site-packages:${PYTHONPATH} _=/usr/bin/env /usr/bin/python3 -W ignore:setup.py install is deprecated -W ignore:easy_install command is deprecated setup.py egg_info --egg-base ../../build/security_coverage_robot build --build-base /home/eiamw001/CSCI4511_project/build/security_coverage_robot/build install --record /home/eiamw001/CSCI4511_project/build/security_coverage_robot/install.log --single-version-externally-managed install_data
[2.504s] Level 1:colcon.colcon_core.environment:checking '/home/eiamw001/CSCI4511_project/install/security_coverage_robot' for CMake module files
[2.510s] Level 1:colcon.colcon_core.environment:checking '/home/eiamw001/CSCI4511_project/install/security_coverage_robot' for CMake config files
[2.522s] Level 1:colcon.colcon_core.environment:checking '/home/eiamw001/CSCI4511_project/install/security_coverage_robot/lib'
[2.522s] Level 1:colcon.colcon_core.environment:checking '/home/eiamw001/CSCI4511_project/install/security_coverage_robot/bin'
[2.524s] Level 1:colcon.colcon_core.environment:checking '/home/eiamw001/CSCI4511_project/install/security_coverage_robot/lib/pkgconfig/security_coverage_robot.pc'
[2.524s] Level 1:colcon.colcon_core.environment:checking '/home/eiamw001/CSCI4511_project/install/security_coverage_robot/lib/python3.12/site-packages'
[2.524s] Level 1:colcon.colcon_core.shell:create_environment_hook('security_coverage_robot', 'pythonpath')
[2.526s] INFO:colcon.colcon_core.shell:Creating environment hook '/home/eiamw001/CSCI4511_project/install/security_coverage_robot/share/security_coverage_robot/hook/pythonpath.ps1'
[2.533s] INFO:colcon.colcon_core.shell:Creating environment descriptor '/home/eiamw001/CSCI4511_project/install/security_coverage_robot/share/security_coverage_robot/hook/pythonpath.dsv'
[2.540s] INFO:colcon.colcon_core.shell:Creating environment hook '/home/eiamw001/CSCI4511_project/install/security_coverage_robot/share/security_coverage_robot/hook/pythonpath.sh'
[2.547s] Level 1:colcon.colcon_core.environment:checking '/home/eiamw001/CSCI4511_project/install/security_coverage_robot/bin'
[2.547s] Level 1:colcon.colcon_core.environment:create_environment_scripts_only(security_coverage_robot)
[2.547s] INFO:colcon.colcon_core.shell:Creating package script '/home/eiamw001/CSCI4511_project/install/security_coverage_robot/share/security_coverage_robot/package.ps1'
[2.553s] INFO:colcon.colcon_core.shell:Creating package descriptor '/home/eiamw001/CSCI4511_project/install/security_coverage_robot/share/security_coverage_robot/package.dsv'
[2.559s] INFO:colcon.colcon_core.shell:Creating package script '/home/eiamw001/CSCI4511_project/install/security_coverage_robot/share/security_coverage_robot/package.sh'
[2.566s] INFO:colcon.colcon_core.shell:Creating package script '/home/eiamw001/CSCI4511_project/install/security_coverage_robot/share/security_coverage_robot/package.bash'
[2.572s] INFO:colcon.colcon_core.shell:Creating package script '/home/eiamw001/CSCI4511_project/install/security_coverage_robot/share/security_coverage_robot/package.zsh'
[2.577s] Level 1:colcon.colcon_core.environment:create_file_with_runtime_dependencies(/home/eiamw001/CSCI4511_project/install/security_coverage_robot/share/colcon-core/packages/security_coverage_robot)
[2.583s] DEBUG:colcon.colcon_parallel_executor.executor.parallel:closing loop
[2.584s] DEBUG:colcon.colcon_parallel_executor.executor.parallel:loop closed
[2.585s] DEBUG:colcon.colcon_parallel_executor.executor.parallel:run_until_complete finished with '0'
[2.585s] DEBUG:colcon.colcon_core.event_reactor:joining thread
[2.597s] INFO:colcon.colcon_core.plugin_system:Skipping extension 'colcon_notification.desktop_notification.terminal_notifier': Not used on non-Darwin systems
[2.597s] INFO:colcon.colcon_core.plugin_system:Skipping extension 'colcon_notification.desktop_notification.win32': Not used on non-Windows systems
[2.599s] INFO:colcon.colcon_notification.desktop_notification:Sending desktop notification using 'notify2'
[2.611s] DEBUG:colcon.colcon_core.event_reactor:joined thread
[2.611s] INFO:colcon.colcon_core.shell:Creating prefix script '/home/eiamw001/CSCI4511_project/install/local_setup.ps1'
[2.619s] INFO:colcon.colcon_core.shell:Creating prefix util module '/home/eiamw001/CSCI4511_project/install/_local_setup_util_ps1.py'
[2.625s] INFO:colcon.colcon_core.shell:Creating prefix chain script '/home/eiamw001/CSCI4511_project/install/setup.ps1'
[2.631s] INFO:colcon.colcon_core.shell:Creating prefix script '/home/eiamw001/CSCI4511_project/install/local_setup.sh'
[2.637s] INFO:colcon.colcon_core.shell:Creating prefix util module '/home/eiamw001/CSCI4511_project/install/_local_setup_util_sh.py'
[2.643s] INFO:colcon.colcon_core.shell:Creating prefix chain script '/home/eiamw001/CSCI4511_project/install/setup.sh'
[2.650s] INFO:colcon.colcon_core.shell:Creating prefix script '/home/eiamw001/CSCI4511_project/install/local_setup.bash'
[2.655s] INFO:colcon.colcon_core.shell:Creating prefix chain script '/home/eiamw001/CSCI4511_project/install/setup.bash'
[2.661s] INFO:colcon.colcon_core.shell:Creating prefix script '/home/eiamw001/CSCI4511_project/install/local_setup.zsh'
[2.667s] INFO:colcon.colcon_core.shell:Creating prefix chain script '/home/eiamw001/CSCI4511_project/install/setup.zsh'
