[0.000000] (-) TimerEvent: {}
[0.000095] (security_coverage_robot) JobQueued: {'identifier': 'security_coverage_robot', 'dependencies': OrderedDict()}
[0.000130] (security_coverage_robot) JobStarted: {'identifier': 'security_coverage_robot'}
[0.097828] (-) TimerEvent: {}
[0.198171] (-) TimerEvent: {}
[0.298473] (-) TimerEvent: {}
[0.398776] (-) TimerEvent: {}
[0.499113] (-) TimerEvent: {}
[0.599307] (-) TimerEvent: {}
[0.699505] (-) TimerEvent: {}
[0.799782] (-) TimerEvent: {}
[0.900130] (-) TimerEvent: {}
[0.988968] (security_coverage_robot) Command: {'cmd': ['/usr/bin/python3', '-W', 'ignore:setup.py install is deprecated', '-W', 'ignore:easy_install command is deprecated', 'setup.py', 'egg_info', '--egg-base', '../../build/security_coverage_robot', 'build', '--build-base', '/home/eiamw001/CSCI4511_project/build/security_coverage_robot/build', 'install', '--record', '/home/eiamw001/CSCI4511_project/build/security_coverage_robot/install.log', '--single-version-externally-managed', 'install_data'], 'cwd': '/home/eiamw001/CSCI4511_project/src/security_coverage_robot', 'env': {'SHELL': '/bin/bash', 'ROS_VERSION': '2', 'SESSION_MANAGER': 'local/csel-kh1260-08:@/tmp/.ICE-unix/227966,unix/csel-kh1260-08:/tmp/.ICE-unix/227966', 'GZ_SIM_RESOURCE_PATH': '/opt/ros/jazzy/share', 'QT_ACCESSIBILITY': '1', 'COLORTERM': 'truecolor', 'XDG_CONFIG_DIRS': '/etc/xdg/xdg-ubuntu:/etc/xdg', 'XDG_MENU_PREFIX': 'gnome-', 'GNOME_DESKTOP_SESSION_ID': 'this-is-deprecated', 'CONDA_EXE': '/opt/conda/bin/conda', '_CE_M': '', 'PKG_CONFIG_PATH': '/home/eiamw001/robotics_deps/install/lib/pkgconfig:/home/eiamw001/robotics_deps/install/lib/pkgconfig:', 'ROS_PYTHON_VERSION': '3', 'LANGUAGE': 'en_US.UTF-8', 'GNOME_SHELL_SESSION_MODE': 'ubuntu', 'SSH_AUTH_SOCK': '/run/user/2835123/keyring/ssh', 'GZ_CONFIG_PATH': '/opt/ros/jazzy/opt/gz_sim_vendor/share/gz:/opt/ros/jazzy/opt/sdformat_vendor/share/gz:/opt/ros/jazzy/opt/gz_gui_vendor/share/gz:/opt/ros/jazzy/opt/gz_transport_vendor/share/gz:/opt/ros/jazzy/opt/gz_rendering_vendor/share/gz:/opt/ros/jazzy/opt/gz_plugin_vendor/share/gz:/opt/ros/jazzy/opt/gz_fuel_tools_vendor/share/gz:/opt/ros/jazzy/opt/gz_msgs_vendor/share/gz:/opt/ros/jazzy/opt/gz_common_vendor/share/gz', '_LMFILES__modshare': '/usr/local/modules-tcl/modulefiles/system:1', 'MEMORY_PRESSURE_WRITE': 'c29tZSAyMDAwMDAgMjAwMDAwMAA=', 'SMPATH': '/soft/supermongo/2.4.13/lib/sm/ ~ .', 'XMODIFIERS': '@im=ibus', 'DESKTOP_SESSION': 'ubuntu', 'MANPATH_modshare': '/usr/man:1::1:/usr/X11R6/man:1:/soft/supermongo/2.4.13/man:1:/usr/local/man:1:/usr/share/man:1:/opt/puppetlabs/puppet/share/man:1', 'EDITOR': 'vim', 'GTK_MODULES': 'gail:atk-bridge', 'ENV': '/usr/local/modules-tcl/init/profile.sh', 'PWD': '/home/eiamw001/CSCI4511_project/build/security_coverage_robot', 'KRB5CCNAME': 'FILE:/tmp/krb5cc_2835123_aUzzpu', 'LOGNAME': 'eiamw001', 'XDG_SESSION_DESKTOP': 'ubuntu', 'XDG_SESSION_TYPE': 'wayland', 'MODULESHOME': '/usr/local/modules-tcl', 'MANPATH': ':/opt/puppetlabs/puppet/share/man:/soft/supermongo/2.4.13/man:/usr/man:/usr/share/man:/usr/local/man:/usr/X11R6/man', 'SYSTEMD_EXEC_PID': '228000', 'XAUTHORITY': '/run/user/2835123/.mutter-Xwaylandauth.MTLIO3', 'HOME': '/home/eiamw001', 'USERNAME': 'eiamw001', 'IM_CONFIG_PHASE': '1', 'LANG': 'en_US.UTF-8', 'XDG_CURRENT_DESKTOP': 'ubuntu:GNOME', 'MEMORY_PRESSURE_WATCH': '/sys/fs/cgroup/user.slice/user-2835123.slice/user@2835123.service/session.slice/org.gnome.Shell@wayland.service/memory.pressure', 'VTE_VERSION': '7600', 'WAYLAND_DISPLAY': 'wayland-0', 'AMENT_PREFIX_PATH': '/home/eiamw001/CSCI4511_project/install/security_coverage_robot:/home/eiamw001/CSCI4511_project/install/security_coverage_robot:/opt/ros/jazzy', 'CMAKE_PREFIX_PATH': '/home/eiamw001/robotics_deps/install:/home/eiamw001/robotics_deps/install:/opt/ros/jazzy/opt/gz_sim_vendor:/opt/ros/jazzy/opt/gz_sensors_vendor:/opt/ros/jazzy/opt/gz_physics_vendor:/opt/ros/jazzy/opt/sdformat_vendor:/opt/ros/jazzy/opt/gz_gui_vendor:/opt/ros/jazzy/opt/gz_transport_vendor:/opt/ros/jazzy/opt/gz_rendering_vendor:/opt/ros/jazzy/opt/gz_plugin_vendor:/opt/ros/jazzy/opt/gz_fuel_tools_vendor:/opt/ros/jazzy/opt/gz_msgs_vendor:/opt/ros/jazzy/opt/gz_common_vendor:/opt/ros/jazzy/opt/gz_math_vendor:/opt/ros/jazzy/opt/gz_utils_vendor:/opt/ros/jazzy/opt/gz_tools_vendor:/opt/ros/jazzy/opt/gz_ogre_next_vendor:/opt/ros/jazzy/opt/gz_dartsim_vendor:/opt/ros/jazzy/opt/gz_cmake_vendor', 'GNOME_TERMINAL_SCREEN': '/org/gnome/Terminal/screen/4b05c6da_4acf_4cb3_8286_2d05fe96bf8e', 'ROS_AUTOMATIC_DISCOVERY_RANGE': 'LOCALHOST', 'GAZEBO_RESOURCE_PATH': '/opt/ros/jazzy/share', 'QTWEBENGINE_DICTIONARIES_PATH': '/usr/share/hunspell-bdic/', 'PATH_modshare': '/usr/bin:2:/opt/conda/condabin:1:/usr/local/bin:1:/soft/MATLAB/R2024b/bin:1:/soft/instantclient/21_3:1:/soft/idea/2024.2.4/bin:1:/bin:2:/opt/puppetlabs/bin:1:/snap/bin:1:/usr/local/scripts:1:/usr/local/modules-tcl/bin:1:/sbin:2:/usr/sbin:2:/usr/games:1:/usr/local/sbin:1:/soft/sqldeveloper/21.2.1.204.1703-no-jre/bin:1:/soft/supermongo/2.4.13/bin:1:/usr/local/games:1', 'GNOME_SETUP_DISPLAY': ':1', 'MODULEPATH_modshare': '/usr/local/modules-tcl/modulefiles:1', 'LESSCLOSE': '/usr/bin/lesspipe %s %s', 'XDG_SESSION_CLASS': 'user', 'LOADEDMODULES_modshare': 'system:1', 'PYTHONPATH': '/home/eiamw001/CSCI4511_project/build/security_coverage_robot/prefix_override:/usr/lib/python3/dist-packages/colcon_core/task/python/colcon_distutils_commands:/home/eiamw001/CSCI4511_project/install/security_coverage_robot/lib/python3.12/site-packages:/opt/ros/jazzy/lib/python3.12/site-packages', 'COLCON': '1', 'TERM': 'xterm-256color', 'ROBOTICS_DEPS': '/home/eiamw001/robotics_deps/install', '_CE_CONDA': '', 'LESSOPEN': '| /usr/bin/lesspipe %s', 'USER': 'eiamw001', 'GNOME_TERMINAL_SERVICE': ':1.146', 'CONDA_SHLVL': '0', 'CLUTTER_DISABLE_MIPMAPPED_TEXT': '1', 'VISUAL': 'vim', 'LOADEDMODULES': 'system', 'DISPLAY': ':0', 'SHLVL': '1', 'BASH_ENV': '/usr/local/modules-tcl/init/bash', 'GSM_SKIP_SSH_AGENT_WORKAROUND': 'true', 'PAGER': 'less', 'TURTLEBOT3_MODEL': 'waffle', 'QT_IM_MODULE': 'ibus', 'IGN_GAZEBO_RESOURCE_PATH': '/opt/ros/jazzy/share', 'CONDA_PYTHON_EXE': '/opt/conda/bin/python', 'LD_LIBRARY_PATH': '/home/eiamw001/robotics_deps/install/lib:/home/eiamw001/robotics_deps/install/lib:/opt/ros/jazzy/opt/gz_sim_vendor/lib:/opt/ros/jazzy/opt/gz_sensors_vendor/lib:/opt/ros/jazzy/opt/gz_physics_vendor/lib:/opt/ros/jazzy/opt/sdformat_vendor/lib:/opt/ros/jazzy/opt/rviz_ogre_vendor/lib:/opt/ros/jazzy/lib/x86_64-linux-gnu:/opt/ros/jazzy/opt/gz_gui_vendor/lib:/opt/ros/jazzy/opt/gz_transport_vendor/lib:/opt/ros/jazzy/opt/gz_rendering_vendor/lib:/opt/ros/jazzy/opt/gz_plugin_vendor/lib:/opt/ros/jazzy/opt/gz_fuel_tools_vendor/lib:/opt/ros/jazzy/opt/gz_msgs_vendor/lib:/opt/ros/jazzy/opt/gz_common_vendor/lib:/opt/ros/jazzy/opt/gz_math_vendor/lib:/opt/ros/jazzy/opt/gz_utils_vendor/lib:/opt/ros/jazzy/opt/gz_tools_vendor/lib:/opt/ros/jazzy/opt/gz_ogre_next_vendor/lib:/opt/ros/jazzy/opt/gz_dartsim_vendor/lib:/opt/ros/jazzy/opt/gz_cmake_vendor/lib:/opt/ros/jazzy/lib', 'IGN_GAZEBO_MODEL_PATH': '/opt/ros/jazzy/share', 'XDG_RUNTIME_DIR': '/run/user/2835123', 'DEBUGINFOD_URLS': 'https://debuginfod.ubuntu.com', 'GAZEBO_MODEL_PATH': '/opt/ros/jazzy/share:/opt/ros/jazzy/share/turtlebot3_gazebo/models', 'XDG_DATA_DIRS': '/usr/share/ubuntu:/usr/share/gnome:/usr/local/share/:/usr/share/:/var/lib/snapd/desktop', 'PATH': '/home/eiamw001/robotics_deps/install/bin:/home/eiamw001/robotics_deps/install/bin:/opt/ros/jazzy/opt/gz_msgs_vendor/bin:/opt/ros/jazzy/opt/gz_tools_vendor/bin:/opt/ros/jazzy/opt/gz_ogre_next_vendor/bin:/opt/ros/jazzy/bin:/usr/local/modules-tcl/bin:/opt/conda/condabin:/usr/local/sbin:/usr/local/bin:/usr/sbin:/usr/bin:/sbin:/bin:/usr/games:/usr/local/games:/snap/bin:/snap/bin:/usr/local/scripts:/opt/puppetlabs/bin:/soft/idea/2024.2.4/bin:/soft/instantclient/21_3:/soft/MATLAB/R2024b/bin:/soft/sqldeveloper/21.2.1.204.1703-no-jre/bin:/soft/supermongo/2.4.13/bin', 'MODULEPATH': '/usr/local/modules-tcl/modulefiles', 'GDMSESSION': 'ubuntu', '_LMFILES_': '/usr/local/modules-tcl/modulefiles/system', 'DBUS_SESSION_BUS_ADDRESS': 'unix:path=/run/user/2835123/bus', 'ROS_DISTRO': 'jazzy', 'OLDPWD': '/home/eiamw001', 'MODULES_CMD': '/usr/local/modules-tcl/libexec/modulecmd.tcl', 'BASH_FUNC_switchml%%': '() {  typeset swfound=1;\n if [ "${MODULES_USE_COMPAT_VERSION:-0}" = \'1\' ]; then\n typeset swname=\'main\';\n if [ -e /usr/local/modules-tcl/libexec/modulecmd.tcl ]; then\n typeset swfound=0;\n unset MODULES_USE_COMPAT_VERSION;\n fi;\n else\n typeset swname=\'compatibility\';\n if [ -e /usr/local/modules-tcl/libexec/modulecmd-compat ]; then\n typeset swfound=0;\n MODULES_USE_COMPAT_VERSION=1;\n export MODULES_USE_COMPAT_VERSION;\n fi;\n fi;\n if [ $swfound -eq 0 ]; then\n echo "Switching to Modules $swname version";\n source /usr/local/modules-tcl/init/bash;\n else\n echo "Cannot switch to Modules $swname version, command not found";\n return 1;\n fi\n}', 'BASH_FUNC_module%%': '() {  _module_raw "$@" 2>&1\n}', 'BASH_FUNC__module_raw%%': '() {  unset _mlre _mlIFS _mlshdbg;\n if [ "${MODULES_SILENT_SHELL_DEBUG:-0}" = \'1\' ]; then\n case "$-" in \n *v*x*)\n set +vx;\n _mlshdbg=\'vx\'\n ;;\n *v*)\n set +v;\n _mlshdbg=\'v\'\n ;;\n *x*)\n set +x;\n _mlshdbg=\'x\'\n ;;\n *)\n _mlshdbg=\'\'\n ;;\n esac;\n fi;\n if [ -n "${IFS+x}" ]; then\n _mlIFS=$IFS;\n fi;\n IFS=\' \';\n for _mlv in ${MODULES_RUN_QUARANTINE:-};\n do\n if [ "${_mlv}" = "${_mlv##*[!A-Za-z0-9_]}" -a "${_mlv}" = "${_mlv#[0-9]}" ]; then\n if [ -n "`eval \'echo ${\'$_mlv\'+x}\'`" ]; then\n _mlre="${_mlre:-}${_mlv}_modquar=\'`eval \'echo ${\'$_mlv\'}\'`\' ";\n fi;\n _mlrv="MODULES_RUNENV_${_mlv}";\n _mlre="${_mlre:-}${_mlv}=\'`eval \'echo ${\'$_mlrv\':-}\'`\' ";\n fi;\n done;\n if [ -n "${_mlre:-}" ]; then\n eval `eval ${_mlre}/usr/bin/tclsh /usr/local/modules-tcl/libexec/modulecmd.tcl bash \'"$@"\'`;\n else\n eval `/usr/bin/tclsh /usr/local/modules-tcl/libexec/modulecmd.tcl bash "$@"`;\n fi;\n _mlstatus=$?;\n if [ -n "${_mlIFS+x}" ]; then\n IFS=$_mlIFS;\n else\n unset IFS;\n fi;\n if [ -n "${_mlshdbg:-}" ]; then\n set -$_mlshdbg;\n fi;\n unset _mlre _mlv _mlrv _mlIFS _mlshdbg;\n return $_mlstatus\n}', '_': '/usr/bin/env'}, 'shell': False}
[1.002384] (-) TimerEvent: {}
[1.102524] (-) TimerEvent: {}
[1.202709] (-) TimerEvent: {}
[1.277602] (security_coverage_robot) StdoutLine: {'line': b'running egg_info\n'}
[1.295116] (security_coverage_robot) StdoutLine: {'line': b'writing ../../build/security_coverage_robot/security_coverage_robot.egg-info/PKG-INFO\n'}
[1.302771] (-) TimerEvent: {}
[1.303036] (security_coverage_robot) StdoutLine: {'line': b'writing dependency_links to ../../build/security_coverage_robot/security_coverage_robot.egg-info/dependency_links.txt\n'}
[1.309297] (security_coverage_robot) StdoutLine: {'line': b'writing entry points to ../../build/security_coverage_robot/security_coverage_robot.egg-info/entry_points.txt\n'}
[1.315338] (security_coverage_robot) StdoutLine: {'line': b'writing requirements to ../../build/security_coverage_robot/security_coverage_robot.egg-info/requires.txt\n'}
[1.320607] (security_coverage_robot) StdoutLine: {'line': b'writing top-level names to ../../build/security_coverage_robot/security_coverage_robot.egg-info/top_level.txt\n'}
[1.402861] (-) TimerEvent: {}
[1.415082] (security_coverage_robot) StderrLine: {'line': b'\x1b[2;36m[05/05/26 11:03:12]\x1b[0m\x1b[2;36m \x1b[0m\x1b[1;31mERROR   \x1b[0m listing git files failed - pretending     \x1b]8;id=540122;file:///usr/lib/python3/dist-packages/setuptools_scm/_file_finders/git.py\x1b\\\x1b[2mgit.py\x1b[0m\x1b]8;;\x1b\\\x1b[2m:\x1b[0m\x1b]8;id=517946;file:///usr/lib/python3/dist-packages/setuptools_scm/_file_finders/git.py#24\x1b\\\x1b[2m24\x1b[0m\x1b]8;;\x1b\\\n'}
[1.415200] (security_coverage_robot) StderrLine: {'line': b"\x1b[2;36m                    \x1b[0m         there aren't any                          \x1b[2m         \x1b[0m\n"}
[1.502938] (-) TimerEvent: {}
[1.546695] (security_coverage_robot) StdoutLine: {'line': b"reading manifest file '../../build/security_coverage_robot/security_coverage_robot.egg-info/SOURCES.txt'\n"}
[1.551426] (security_coverage_robot) StdoutLine: {'line': b"writing manifest file '../../build/security_coverage_robot/security_coverage_robot.egg-info/SOURCES.txt'\n"}
[1.556471] (security_coverage_robot) StdoutLine: {'line': b'running build\n'}
[1.557894] (security_coverage_robot) StdoutLine: {'line': b'running build_py\n'}
[1.558609] (security_coverage_robot) StdoutLine: {'line': b'copying security_coverage_robot/metrics_node.py -> /home/eiamw001/CSCI4511_project/build/security_coverage_robot/build/lib/security_coverage_robot\n'}
[1.570008] (security_coverage_robot) StdoutLine: {'line': b'copying security_coverage_robot/planner_node.py -> /home/eiamw001/CSCI4511_project/build/security_coverage_robot/build/lib/security_coverage_robot\n'}
[1.580313] (security_coverage_robot) StdoutLine: {'line': b'copying security_coverage_robot/perception_node.py -> /home/eiamw001/CSCI4511_project/build/security_coverage_robot/build/lib/security_coverage_robot\n'}
[1.591984] (security_coverage_robot) StdoutLine: {'line': b'copying security_coverage_robot/control_node.py -> /home/eiamw001/CSCI4511_project/build/security_coverage_robot/build/lib/security_coverage_robot\n'}
[1.603051] (-) TimerEvent: {}
[1.604946] (security_coverage_robot) StdoutLine: {'line': b'running install\n'}
[1.608148] (security_coverage_robot) StdoutLine: {'line': b'running install_lib\n'}
[1.628912] (security_coverage_robot) StdoutLine: {'line': b'copying /home/eiamw001/CSCI4511_project/build/security_coverage_robot/build/lib/security_coverage_robot/control_node.py -> /home/eiamw001/CSCI4511_project/install/security_coverage_robot/lib/python3.12/site-packages/security_coverage_robot\n'}
[1.641393] (security_coverage_robot) StdoutLine: {'line': b'copying /home/eiamw001/CSCI4511_project/build/security_coverage_robot/build/lib/security_coverage_robot/perception_node.py -> /home/eiamw001/CSCI4511_project/install/security_coverage_robot/lib/python3.12/site-packages/security_coverage_robot\n'}
[1.654400] (security_coverage_robot) StdoutLine: {'line': b'copying /home/eiamw001/CSCI4511_project/build/security_coverage_robot/build/lib/security_coverage_robot/metrics_node.py -> /home/eiamw001/CSCI4511_project/install/security_coverage_robot/lib/python3.12/site-packages/security_coverage_robot\n'}
[1.667456] (security_coverage_robot) StdoutLine: {'line': b'copying /home/eiamw001/CSCI4511_project/build/security_coverage_robot/build/lib/security_coverage_robot/planner_node.py -> /home/eiamw001/CSCI4511_project/install/security_coverage_robot/lib/python3.12/site-packages/security_coverage_robot\n'}
[1.680732] (security_coverage_robot) StdoutLine: {'line': b'byte-compiling /home/eiamw001/CSCI4511_project/install/security_coverage_robot/lib/python3.12/site-packages/security_coverage_robot/control_node.py to control_node.cpython-312.pyc\n'}
[1.694855] (security_coverage_robot) StdoutLine: {'line': b'byte-compiling /home/eiamw001/CSCI4511_project/install/security_coverage_robot/lib/python3.12/site-packages/security_coverage_robot/perception_node.py to perception_node.cpython-312.pyc\n'}
[1.703115] (-) TimerEvent: {}
[1.708122] (security_coverage_robot) StdoutLine: {'line': b'byte-compiling /home/eiamw001/CSCI4511_project/install/security_coverage_robot/lib/python3.12/site-packages/security_coverage_robot/metrics_node.py to metrics_node.cpython-312.pyc\n'}
[1.721210] (security_coverage_robot) StdoutLine: {'line': b'byte-compiling /home/eiamw001/CSCI4511_project/install/security_coverage_robot/lib/python3.12/site-packages/security_coverage_robot/planner_node.py to planner_node.cpython-312.pyc\n'}
[1.733263] (security_coverage_robot) StdoutLine: {'line': b'running install_data\n'}
[1.738344] (security_coverage_robot) StdoutLine: {'line': b'running install_egg_info\n'}
[1.758715] (security_coverage_robot) StdoutLine: {'line': b"removing '/home/eiamw001/CSCI4511_project/install/security_coverage_robot/lib/python3.12/site-packages/security_coverage_robot-0.1.0-py3.12.egg-info' (and everything under it)\n"}
[1.778468] (security_coverage_robot) StdoutLine: {'line': b'Copying ../../build/security_coverage_robot/security_coverage_robot.egg-info to /home/eiamw001/CSCI4511_project/install/security_coverage_robot/lib/python3.12/site-packages/security_coverage_robot-0.1.0-py3.12.egg-info\n'}
[1.803178] (-) TimerEvent: {}
[1.886701] (security_coverage_robot) StdoutLine: {'line': b'running install_scripts\n'}
[1.903254] (-) TimerEvent: {}
[2.003415] (-) TimerEvent: {}
[2.024041] (security_coverage_robot) StdoutLine: {'line': b'Installing control_node script to /home/eiamw001/CSCI4511_project/install/security_coverage_robot/lib/security_coverage_robot\n'}
[2.031347] (security_coverage_robot) StdoutLine: {'line': b'Installing metrics_node script to /home/eiamw001/CSCI4511_project/install/security_coverage_robot/lib/security_coverage_robot\n'}
[2.039170] (security_coverage_robot) StdoutLine: {'line': b'Installing perception_node script to /home/eiamw001/CSCI4511_project/install/security_coverage_robot/lib/security_coverage_robot\n'}
[2.045832] (security_coverage_robot) StdoutLine: {'line': b'Installing planner_node script to /home/eiamw001/CSCI4511_project/install/security_coverage_robot/lib/security_coverage_robot\n'}
[2.053247] (security_coverage_robot) StdoutLine: {'line': b"writing list of installed files to '/home/eiamw001/CSCI4511_project/build/security_coverage_robot/install.log'\n"}
[2.076557] (security_coverage_robot) CommandEnded: {'returncode': 0}
[2.103471] (-) TimerEvent: {}
[2.156509] (security_coverage_robot) JobEnded: {'identifier': 'security_coverage_robot', 'rc': 0}
[2.163641] (-) EventReactorShutdown: {}
