running egg_info
creating ../../build/security_coverage_robot/security_coverage_robot.egg-info
writing ../../build/security_coverage_robot/security_coverage_robot.egg-info/PKG-INFO
writing dependency_links to ../../build/security_coverage_robot/security_coverage_robot.egg-info/dependency_links.txt
writing entry points to ../../build/security_coverage_robot/security_coverage_robot.egg-info/entry_points.txt
writing requirements to ../../build/security_coverage_robot/security_coverage_robot.egg-info/requires.txt
writing top-level names to ../../build/security_coverage_robot/security_coverage_robot.egg-info/top_level.txt
writing manifest file '../../build/security_coverage_robot/security_coverage_robot.egg-info/SOURCES.txt'
[2;36m[04/29/26 11:50:43][0m[2;36m [0m[1;31mERROR   [0m listing git files failed - pretending     ]8;id=367890;file:///usr/lib/python3/dist-packages/setuptools_scm/_file_finders/git.py\[2mgit.py[0m]8;;\[2m:[0m]8;id=807325;file:///usr/lib/python3/dist-packages/setuptools_scm/_file_finders/git.py#24\[2m24[0m]8;;\
[2;36m                    [0m         there aren't any                          [2m         [0m
reading manifest file '../../build/security_coverage_robot/security_coverage_robot.egg-info/SOURCES.txt'
writing manifest file '../../build/security_coverage_robot/security_coverage_robot.egg-info/SOURCES.txt'
running build
running build_py
creating /home/eiamw001/CSCI4511_project/build/security_coverage_robot/build
creating /home/eiamw001/CSCI4511_project/build/security_coverage_robot/build/lib
creating /home/eiamw001/CSCI4511_project/build/security_coverage_robot/build/lib/security_coverage_robot
copying security_coverage_robot/metrics_node.py -> /home/eiamw001/CSCI4511_project/build/security_coverage_robot/build/lib/security_coverage_robot
copying security_coverage_robot/planner_node.py -> /home/eiamw001/CSCI4511_project/build/security_coverage_robot/build/lib/security_coverage_robot
copying security_coverage_robot/perception_node.py -> /home/eiamw001/CSCI4511_project/build/security_coverage_robot/build/lib/security_coverage_robot
copying security_coverage_robot/control_node.py -> /home/eiamw001/CSCI4511_project/build/security_coverage_robot/build/lib/security_coverage_robot
copying security_coverage_robot/__init__.py -> /home/eiamw001/CSCI4511_project/build/security_coverage_robot/build/lib/security_coverage_robot
running install
running install_lib
creating /home/eiamw001/CSCI4511_project/install/security_coverage_robot/lib/python3.12/site-packages/security_coverage_robot
copying /home/eiamw001/CSCI4511_project/build/security_coverage_robot/build/lib/security_coverage_robot/__init__.py -> /home/eiamw001/CSCI4511_project/install/security_coverage_robot/lib/python3.12/site-packages/security_coverage_robot
copying /home/eiamw001/CSCI4511_project/build/security_coverage_robot/build/lib/security_coverage_robot/control_node.py -> /home/eiamw001/CSCI4511_project/install/security_coverage_robot/lib/python3.12/site-packages/security_coverage_robot
copying /home/eiamw001/CSCI4511_project/build/security_coverage_robot/build/lib/security_coverage_robot/perception_node.py -> /home/eiamw001/CSCI4511_project/install/security_coverage_robot/lib/python3.12/site-packages/security_coverage_robot
copying /home/eiamw001/CSCI4511_project/build/security_coverage_robot/build/lib/security_coverage_robot/metrics_node.py -> /home/eiamw001/CSCI4511_project/install/security_coverage_robot/lib/python3.12/site-packages/security_coverage_robot
copying /home/eiamw001/CSCI4511_project/build/security_coverage_robot/build/lib/security_coverage_robot/planner_node.py -> /home/eiamw001/CSCI4511_project/install/security_coverage_robot/lib/python3.12/site-packages/security_coverage_robot
byte-compiling /home/eiamw001/CSCI4511_project/install/security_coverage_robot/lib/python3.12/site-packages/security_coverage_robot/__init__.py to __init__.cpython-312.pyc
byte-compiling /home/eiamw001/CSCI4511_project/install/security_coverage_robot/lib/python3.12/site-packages/security_coverage_robot/control_node.py to control_node.cpython-312.pyc
byte-compiling /home/eiamw001/CSCI4511_project/install/security_coverage_robot/lib/python3.12/site-packages/security_coverage_robot/perception_node.py to perception_node.cpython-312.pyc
byte-compiling /home/eiamw001/CSCI4511_project/install/security_coverage_robot/lib/python3.12/site-packages/security_coverage_robot/metrics_node.py to metrics_node.cpython-312.pyc
byte-compiling /home/eiamw001/CSCI4511_project/install/security_coverage_robot/lib/python3.12/site-packages/security_coverage_robot/planner_node.py to planner_node.cpython-312.pyc
running install_data
creating /home/eiamw001/CSCI4511_project/install/security_coverage_robot/share
creating /home/eiamw001/CSCI4511_project/install/security_coverage_robot/share/ament_index
creating /home/eiamw001/CSCI4511_project/install/security_coverage_robot/share/ament_index/resource_index
creating /home/eiamw001/CSCI4511_project/install/security_coverage_robot/share/ament_index/resource_index/packages
copying resource/security_coverage_robot -> /home/eiamw001/CSCI4511_project/install/security_coverage_robot/share/ament_index/resource_index/packages
creating /home/eiamw001/CSCI4511_project/install/security_coverage_robot/share/security_coverage_robot
copying package.xml -> /home/eiamw001/CSCI4511_project/install/security_coverage_robot/share/security_coverage_robot
creating /home/eiamw001/CSCI4511_project/install/security_coverage_robot/share/security_coverage_robot/launch
copying launch/security_robot.launch.py -> /home/eiamw001/CSCI4511_project/install/security_coverage_robot/share/security_coverage_robot/launch
creating /home/eiamw001/CSCI4511_project/install/security_coverage_robot/share/security_coverage_robot/worlds
copying worlds/world1_simple.world -> /home/eiamw001/CSCI4511_project/install/security_coverage_robot/share/security_coverage_robot/worlds
creating /home/eiamw001/CSCI4511_project/install/security_coverage_robot/share/security_coverage_robot/config
creating /home/eiamw001/CSCI4511_project/install/security_coverage_robot/share/security_coverage_robot/models
creating /home/eiamw001/CSCI4511_project/install/security_coverage_robot/share/security_coverage_robot/models/urdf
running install_egg_info
Copying ../../build/security_coverage_robot/security_coverage_robot.egg-info to /home/eiamw001/CSCI4511_project/install/security_coverage_robot/lib/python3.12/site-packages/security_coverage_robot-0.1.0-py3.12.egg-info
running install_scripts
Installing control_node script to /home/eiamw001/CSCI4511_project/install/security_coverage_robot/lib/security_coverage_robot
Installing metrics_node script to /home/eiamw001/CSCI4511_project/install/security_coverage_robot/lib/security_coverage_robot
Installing perception_node script to /home/eiamw001/CSCI4511_project/install/security_coverage_robot/lib/security_coverage_robot
Installing planner_node script to /home/eiamw001/CSCI4511_project/install/security_coverage_robot/lib/security_coverage_robot
writing list of installed files to '/home/eiamw001/CSCI4511_project/build/security_coverage_robot/install.log'
