[1.434s] Invoking command in '/home/eiamw001/CSCI4511_project/build/security_coverage_robot': DEBUGINFOD_URLS=https://debuginfod.ubuntu.com PYTHONPATH=/home/eiamw001/CSCI4511_project/build/security_coverage_robot/prefix_override:/usr/lib/python3/dist-packages/colcon_core/task/python/colcon_distutils_commands:/home/eiamw001/CSCI4511_project/install/security_coverage_robot/lib/python3.12/site-packages:${PYTHONPATH} _=/usr/bin/env /usr/bin/python3 -W ignore:setup.py install is deprecated -W ignore:easy_install command is deprecated setup.py develop --editable --build-directory /home/eiamw001/CSCI4511_project/build/security_coverage_robot/build --no-deps symlink_data --force
[1.965s] running develop
[2.233s] running egg_info
[2.261s] writing security_coverage_robot.egg-info/PKG-INFO
[2.269s] writing dependency_links to security_coverage_robot.egg-info/dependency_links.txt
[2.275s] writing entry points to security_coverage_robot.egg-info/entry_points.txt
[2.280s] writing requirements to security_coverage_robot.egg-info/requires.txt
[2.284s] writing top-level names to security_coverage_robot.egg-info/top_level.txt
[3.385s] writing manifest file 'security_coverage_robot.egg-info/SOURCES.txt'
[3.452s] running build_ext
[3.452s] Creating /home/eiamw001/CSCI4511_project/install/security_coverage_robot/lib/python3.12/site-packages/security-coverage-robot.egg-link (link to .)
[3.460s] Installing control_node script to /home/eiamw001/CSCI4511_project/install/security_coverage_robot/lib/security_coverage_robot
[3.468s] Installing metrics_node script to /home/eiamw001/CSCI4511_project/install/security_coverage_robot/lib/security_coverage_robot
[3.477s] Installing perception_node script to /home/eiamw001/CSCI4511_project/install/security_coverage_robot/lib/security_coverage_robot
[3.485s] Installing planner_node script to /home/eiamw001/CSCI4511_project/install/security_coverage_robot/lib/security_coverage_robot
[3.495s] 
[3.495s] Installed /home/eiamw001/CSCI4511_project/build/security_coverage_robot
[3.496s] running symlink_data
[3.501s] symbolically linking /home/eiamw001/CSCI4511_project/build/security_coverage_robot/resource/security_coverage_robot -> /home/eiamw001/CSCI4511_project/install/security_coverage_robot/share/ament_index/resource_index/packages
[3.506s] symbolically linking /home/eiamw001/CSCI4511_project/build/security_coverage_robot/package.xml -> /home/eiamw001/CSCI4511_project/install/security_coverage_robot/share/security_coverage_robot
[3.511s] symbolically linking /home/eiamw001/CSCI4511_project/build/security_coverage_robot/launch/security_robot.launch.py -> /home/eiamw001/CSCI4511_project/install/security_coverage_robot/share/security_coverage_robot/launch
[3.515s] symbolically linking /home/eiamw001/CSCI4511_project/build/security_coverage_robot/worlds/world1_simple.world -> /home/eiamw001/CSCI4511_project/install/security_coverage_robot/share/security_coverage_robot/worlds
[3.562s] Invoked command in '/home/eiamw001/CSCI4511_project/build/security_coverage_robot' returned '0': DEBUGINFOD_URLS=https://debuginfod.ubuntu.com PYTHONPATH=/home/eiamw001/CSCI4511_project/build/security_coverage_robot/prefix_override:/usr/lib/python3/dist-packages/colcon_core/task/python/colcon_distutils_commands:/home/eiamw001/CSCI4511_project/install/security_coverage_robot/lib/python3.12/site-packages:${PYTHONPATH} _=/usr/bin/env /usr/bin/python3 -W ignore:setup.py install is deprecated -W ignore:easy_install command is deprecated setup.py develop --editable --build-directory /home/eiamw001/CSCI4511_project/build/security_coverage_robot/build --no-deps symlink_data --force
