/home/eiamw001/CSCI4511_project/install/security_coverage_robot/lib/python3.12/site-packages/security_coverage_robot/metrics_node.py
/home/eiamw001/CSCI4511_project/install/security_coverage_robot/lib/python3.12/site-packages/security_coverage_robot/planner_node.py
/home/eiamw001/CSCI4511_project/install/security_coverage_robot/lib/python3.12/site-packages/security_coverage_robot/perception_node.py
/home/eiamw001/CSCI4511_project/install/security_coverage_robot/lib/python3.12/site-packages/security_coverage_robot/control_node.py
/home/eiamw001/CSCI4511_project/install/security_coverage_robot/lib/python3.12/site-packages/security_coverage_robot/__init__.py
/home/eiamw001/CSCI4511_project/install/security_coverage_robot/lib/python3.12/site-packages/security_coverage_robot/__pycache__/metrics_node.cpython-312.pyc
/home/eiamw001/CSCI4511_project/install/security_coverage_robot/lib/python3.12/site-packages/security_coverage_robot/__pycache__/planner_node.cpython-312.pyc
/home/eiamw001/CSCI4511_project/install/security_coverage_robot/lib/python3.12/site-packages/security_coverage_robot/__pycache__/perception_node.cpython-312.pyc
/home/eiamw001/CSCI4511_project/install/security_coverage_robot/lib/python3.12/site-packages/security_coverage_robot/__pycache__/control_node.cpython-312.pyc
/home/eiamw001/CSCI4511_project/install/security_coverage_robot/lib/python3.12/site-packages/security_coverage_robot/__pycache__/__init__.cpython-312.pyc
/home/eiamw001/CSCI4511_project/install/security_coverage_robot/share/ament_index/resource_index/packages/security_coverage_robot
/home/eiamw001/CSCI4511_project/install/security_coverage_robot/share/security_coverage_robot/package.xml
/home/eiamw001/CSCI4511_project/install/security_coverage_robot/share/security_coverage_robot/launch/security_robot.launch.py
/home/eiamw001/CSCI4511_project/install/security_coverage_robot/share/security_coverage_robot/worlds/world1_simple.world
/home/eiamw001/CSCI4511_project/install/security_coverage_robot/share/security_coverage_robot/config
/home/eiamw001/CSCI4511_project/install/security_coverage_robot/share/security_coverage_robot/models/urdf
/home/eiamw001/CSCI4511_project/install/security_coverage_robot/lib/python3.12/site-packages/security_coverage_robot-0.1.0-py3.12.egg-info/entry_points.txt
/home/eiamw001/CSCI4511_project/install/security_coverage_robot/lib/python3.12/site-packages/security_coverage_robot-0.1.0-py3.12.egg-info/zip-safe
/home/eiamw001/CSCI4511_project/install/security_coverage_robot/lib/python3.12/site-packages/security_coverage_robot-0.1.0-py3.12.egg-info/dependency_links.txt
/home/eiamw001/CSCI4511_project/install/security_coverage_robot/lib/python3.12/site-packages/security_coverage_robot-0.1.0-py3.12.egg-info/requires.txt
/home/eiamw001/CSCI4511_project/install/security_coverage_robot/lib/python3.12/site-packages/security_coverage_robot-0.1.0-py3.12.egg-info/top_level.txt
/home/eiamw001/CSCI4511_project/install/security_coverage_robot/lib/python3.12/site-packages/security_coverage_robot-0.1.0-py3.12.egg-info/PKG-INFO
/home/eiamw001/CSCI4511_project/install/security_coverage_robot/lib/python3.12/site-packages/security_coverage_robot-0.1.0-py3.12.egg-info/SOURCES.txt
/home/eiamw001/CSCI4511_project/install/security_coverage_robot/lib/security_coverage_robot/control_node
/home/eiamw001/CSCI4511_project/install/security_coverage_robot/lib/security_coverage_robot/metrics_node
/home/eiamw001/CSCI4511_project/install/security_coverage_robot/lib/security_coverage_robot/perception_node
/home/eiamw001/CSCI4511_project/install/security_coverage_robot/lib/security_coverage_robot/planner_node
