[0.117s] DEBUG:colcon:Command line arguments: ['/usr/bin/colcon', 'build']
[0.118s] DEBUG:colcon:Parsed command line arguments: Namespace(log_base=None, log_level=None, verb_name='build', build_base='build', install_base='install', merge_install=False, symlink_install=False, test_result_base=None, continue_on_error=False, executor='parallel', parallel_workers=28, event_handlers=None, ignore_user_meta=False, metas=['./colcon.meta'], base_paths=['.'], packages_ignore=None, packages_ignore_regex=None, paths=None, packages_up_to=None, packages_up_to_regex=None, packages_above=None, packages_above_and_dependencies=None, packages_above_depth=None, packages_select_by_dep=None, packages_skip_by_dep=None, packages_skip_up_to=None, packages_select_build_failed=False, packages_skip_build_finished=False, packages_select_test_failures=False, packages_skip_test_passed=False, packages_select=None, packages_skip=None, packages_select_regex=None, packages_skip_regex=None, packages_start=None, packages_end=None, allow_overriding=[], cmake_args=None, cmake_target=None, cmake_target_skip_unavailable=False, cmake_clean_cache=False, cmake_clean_first=False, cmake_force_configure=False, ament_cmake_args=None, catkin_cmake_args=None, catkin_skip_building_tests=False, mixin_files=None, mixin=None, verb_parser=<colcon_mixin.mixin.mixin_argument.MixinArgumentDecorator object at 0x7559d102e4e0>, verb_extension=<colcon_core.verb.build.BuildVerb object at 0x7559d102e060>, main=<bound method BuildVerb.main of <colcon_core.verb.build.BuildVerb object at 0x7559d102e060>>, mixin_verb=('build',))
[0.243s] Level 1:colcon.colcon_core.package_discovery:discover_packages(colcon_meta) check parameters
[0.243s] Level 1:colcon.colcon_core.package_discovery:discover_packages(recursive) check parameters
[0.245s] Level 1:colcon.colcon_core.package_discovery:discover_packages(ignore) check parameters
[0.246s] Level 1:colcon.colcon_core.package_discovery:discover_packages(path) check parameters
[0.248s] Level 1:colcon.colcon_core.package_discovery:discover_packages(colcon_meta) discover
[0.250s] Level 1:colcon.colcon_core.package_discovery:discover_packages(recursive) discover
[0.251s] INFO:colcon.colcon_core.package_discovery:Crawling recursively for packages in '/home/eiamw001/CSCI4511_project'
[0.253s] Level 1:colcon.colcon_core.package_identification:_identify(.) by extensions ['ignore', 'ignore_ament_install']
[0.255s] Level 1:colcon.colcon_core.package_identification:_identify(.) by extension 'ignore'
[0.257s] Level 1:colcon.colcon_core.package_identification:_identify(.) by extension 'ignore_ament_install'
[0.259s] Level 1:colcon.colcon_core.package_identification:_identify(.) by extensions ['colcon_pkg']
[0.260s] Level 1:colcon.colcon_core.package_identification:_identify(.) by extension 'colcon_pkg'
[0.262s] Level 1:colcon.colcon_core.package_identification:_identify(.) by extensions ['colcon_meta']
[0.263s] Level 1:colcon.colcon_core.package_identification:_identify(.) by extension 'colcon_meta'
[0.265s] Level 1:colcon.colcon_core.package_identification:_identify(.) by extensions ['ros']
[0.267s] Level 1:colcon.colcon_core.package_identification:_identify(.) by extension 'ros'
[0.317s] Level 1:colcon.colcon_core.package_identification:_identify(.) by extensions ['cmake', 'python']
[0.317s] Level 1:colcon.colcon_core.package_identification:_identify(.) by extension 'cmake'
[0.318s] Level 1:colcon.colcon_core.package_identification:_identify(.) by extension 'python'
[0.319s] Level 1:colcon.colcon_core.package_identification:_identify(.) by extensions ['python_setup_py']
[0.321s] Level 1:colcon.colcon_core.package_identification:_identify(.) by extension 'python_setup_py'
[0.321s] Level 1:colcon.colcon_core.package_identification:_identify(build) by extensions ['ignore', 'ignore_ament_install']
[0.323s] Level 1:colcon.colcon_core.package_identification:_identify(build) by extension 'ignore'
[0.324s] Level 1:colcon.colcon_core.package_identification:_identify(build) ignored
[0.326s] Level 1:colcon.colcon_core.package_identification:_identify(install) by extensions ['ignore', 'ignore_ament_install']
[0.328s] Level 1:colcon.colcon_core.package_identification:_identify(install) by extension 'ignore'
[0.329s] Level 1:colcon.colcon_core.package_identification:_identify(install) ignored
[0.332s] Level 1:colcon.colcon_core.package_identification:_identify(launches) by extensions ['ignore', 'ignore_ament_install']
[0.333s] Level 1:colcon.colcon_core.package_identification:_identify(launches) by extension 'ignore'
[0.335s] Level 1:colcon.colcon_core.package_identification:_identify(launches) by extension 'ignore_ament_install'
[0.337s] Level 1:colcon.colcon_core.package_identification:_identify(launches) by extensions ['colcon_pkg']
[0.338s] Level 1:colcon.colcon_core.package_identification:_identify(launches) by extension 'colcon_pkg'
[0.340s] Level 1:colcon.colcon_core.package_identification:_identify(launches) by extensions ['colcon_meta']
[0.341s] Level 1:colcon.colcon_core.package_identification:_identify(launches) by extension 'colcon_meta'
[0.343s] Level 1:colcon.colcon_core.package_identification:_identify(launches) by extensions ['ros']
[0.344s] Level 1:colcon.colcon_core.package_identification:_identify(launches) by extension 'ros'
[0.349s] Level 1:colcon.colcon_core.package_identification:_identify(launches) by extensions ['cmake', 'python']
[0.349s] Level 1:colcon.colcon_core.package_identification:_identify(launches) by extension 'cmake'
[0.352s] Level 1:colcon.colcon_core.package_identification:_identify(launches) by extension 'python'
[0.354s] Level 1:colcon.colcon_core.package_identification:_identify(launches) by extensions ['python_setup_py']
[0.355s] Level 1:colcon.colcon_core.package_identification:_identify(launches) by extension 'python_setup_py'
[0.359s] Level 1:colcon.colcon_core.package_identification:_identify(log) by extensions ['ignore', 'ignore_ament_install']
[0.360s] Level 1:colcon.colcon_core.package_identification:_identify(log) by extension 'ignore'
[0.361s] Level 1:colcon.colcon_core.package_identification:_identify(log) ignored
[0.364s] Level 1:colcon.colcon_core.package_identification:_identify(src) by extensions ['ignore', 'ignore_ament_install']
[0.365s] Level 1:colcon.colcon_core.package_identification:_identify(src) by extension 'ignore'
[0.367s] Level 1:colcon.colcon_core.package_identification:_identify(src) by extension 'ignore_ament_install'
[0.370s] Level 1:colcon.colcon_core.package_identification:_identify(src) by extensions ['colcon_pkg']
[0.371s] Level 1:colcon.colcon_core.package_identification:_identify(src) by extension 'colcon_pkg'
[0.373s] Level 1:colcon.colcon_core.package_identification:_identify(src) by extensions ['colcon_meta']
[0.374s] Level 1:colcon.colcon_core.package_identification:_identify(src) by extension 'colcon_meta'
[0.376s] Level 1:colcon.colcon_core.package_identification:_identify(src) by extensions ['ros']
[0.378s] Level 1:colcon.colcon_core.package_identification:_identify(src) by extension 'ros'
[0.382s] Level 1:colcon.colcon_core.package_identification:_identify(src) by extensions ['cmake', 'python']
[0.382s] Level 1:colcon.colcon_core.package_identification:_identify(src) by extension 'cmake'
[0.383s] Level 1:colcon.colcon_core.package_identification:_identify(src) by extension 'python'
[0.385s] Level 1:colcon.colcon_core.package_identification:_identify(src) by extensions ['python_setup_py']
[0.386s] Level 1:colcon.colcon_core.package_identification:_identify(src) by extension 'python_setup_py'
[0.388s] Level 1:colcon.colcon_core.package_identification:_identify(src/security_coverage_robot) by extensions ['ignore', 'ignore_ament_install']
[0.389s] Level 1:colcon.colcon_core.package_identification:_identify(src/security_coverage_robot) by extension 'ignore'
[0.392s] Level 1:colcon.colcon_core.package_identification:_identify(src/security_coverage_robot) by extension 'ignore_ament_install'
[0.394s] Level 1:colcon.colcon_core.package_identification:_identify(src/security_coverage_robot) by extensions ['colcon_pkg']
[0.395s] Level 1:colcon.colcon_core.package_identification:_identify(src/security_coverage_robot) by extension 'colcon_pkg'
[0.397s] Level 1:colcon.colcon_core.package_identification:_identify(src/security_coverage_robot) by extensions ['colcon_meta']
[0.399s] Level 1:colcon.colcon_core.package_identification:_identify(src/security_coverage_robot) by extension 'colcon_meta'
[0.401s] Level 1:colcon.colcon_core.package_identification:_identify(src/security_coverage_robot) by extensions ['ros']
[0.402s] Level 1:colcon.colcon_core.package_identification:_identify(src/security_coverage_robot) by extension 'ros'
[0.412s] DEBUG:colcon.colcon_core.package_identification:Failed to parse potential ROS package manifest in'src/security_coverage_robot': Error(s) in package 'src/security_coverage_robot/package.xml':
The manifest contains invalid XML:
junk after document element: line 2, column 0
[0.412s] Level 1:colcon.colcon_core.package_identification:_identify(src/security_coverage_robot) by extensions ['cmake', 'python']
[0.414s] Level 1:colcon.colcon_core.package_identification:_identify(src/security_coverage_robot) by extension 'cmake'
[0.416s] Level 1:colcon.colcon_core.package_identification:_identify(src/security_coverage_robot) by extension 'python'
[0.419s] DEBUG:colcon.colcon_core.package_identification:Python package in 'src/security_coverage_robot' passes arguments to the setup() function which requires a different identification extension than 'python'
[0.419s] Level 1:colcon.colcon_core.package_identification:_identify(src/security_coverage_robot) by extensions ['python_setup_py']
[0.420s] Level 1:colcon.colcon_core.package_identification:_identify(src/security_coverage_robot) by extension 'python_setup_py'
[0.767s] DEBUG:colcon.colcon_core.package_identification:Package 'src/security_coverage_robot' with type 'python' and name 'security_coverage_robot'
[0.767s] Level 1:colcon.colcon_core.package_discovery:discover_packages(recursive) using defaults
[0.767s] Level 1:colcon.colcon_core.package_discovery:discover_packages(ignore) discover
[0.769s] Level 1:colcon.colcon_core.package_discovery:discover_packages(ignore) using defaults
[0.769s] Level 1:colcon.colcon_core.package_discovery:discover_packages(path) discover
[0.769s] Level 1:colcon.colcon_core.package_discovery:discover_packages(path) using defaults
[0.784s] Level 1:colcon.colcon_core.package_discovery:discover_packages(prefix_path) check parameters
[0.784s] Level 1:colcon.colcon_core.package_discovery:discover_packages(prefix_path) discover
[0.796s] DEBUG:colcon.colcon_installed_package_information.package_discovery:Found 1 installed packages in /home/eiamw001/CSCI4511_project/install
[0.798s] DEBUG:colcon.colcon_installed_package_information.package_discovery:Found 554 installed packages in /opt/ros/jazzy
[0.800s] Level 1:colcon.colcon_core.package_discovery:discover_packages(prefix_path) using defaults
[0.849s] Level 5:colcon.colcon_core.verb:set package 'security_coverage_robot' build argument 'cmake_args' from command line to 'None'
[0.849s] Level 5:colcon.colcon_core.verb:set package 'security_coverage_robot' build argument 'cmake_target' from command line to 'None'
[0.851s] Level 5:colcon.colcon_core.verb:set package 'security_coverage_robot' build argument 'cmake_target_skip_unavailable' from command line to 'False'
[0.853s] Level 5:colcon.colcon_core.verb:set package 'security_coverage_robot' build argument 'cmake_clean_cache' from command line to 'False'
[0.855s] Level 5:colcon.colcon_core.verb:set package 'security_coverage_robot' build argument 'cmake_clean_first' from command line to 'False'
[0.857s] Level 5:colcon.colcon_core.verb:set package 'security_coverage_robot' build argument 'cmake_force_configure' from command line to 'False'
[0.859s] Level 5:colcon.colcon_core.verb:set package 'security_coverage_robot' build argument 'ament_cmake_args' from command line to 'None'
[0.861s] Level 5:colcon.colcon_core.verb:set package 'security_coverage_robot' build argument 'catkin_cmake_args' from command line to 'None'
[0.862s] Level 5:colcon.colcon_core.verb:set package 'security_coverage_robot' build argument 'catkin_skip_building_tests' from command line to 'False'
[0.864s] DEBUG:colcon.colcon_core.verb:Building package 'security_coverage_robot' with the following arguments: {'ament_cmake_args': None, 'build_base': '/home/eiamw001/CSCI4511_project/build/security_coverage_robot', 'catkin_cmake_args': None, 'catkin_skip_building_tests': False, 'cmake_args': None, 'cmake_clean_cache': False, 'cmake_clean_first': False, 'cmake_force_configure': False, 'cmake_target': None, 'cmake_target_skip_unavailable': False, 'install_base': '/home/eiamw001/CSCI4511_project/install/security_coverage_robot', 'merge_install': False, 'path': '/home/eiamw001/CSCI4511_project/src/security_coverage_robot', 'symlink_install': False, 'test_result_base': None}
[0.866s] INFO:colcon.colcon_core.executor:Executing jobs using 'parallel' executor
[0.869s] DEBUG:colcon.colcon_parallel_executor.executor.parallel:run_until_complete
[0.870s] INFO:colcon.colcon_core.task.python.build:Building Python package in '/home/eiamw001/CSCI4511_project/src/security_coverage_robot'
[0.875s] INFO:colcon.colcon_core.plugin_system:Skipping extension 'colcon_core.shell.bat': Not used on non-Windows systems
[0.875s] INFO:colcon.colcon_core.shell:Skip shell extension 'powershell' for command environment: Not usable outside of PowerShell
[0.875s] DEBUG:colcon.colcon_core.shell:Skip shell extension 'dsv' for command environment
[2.200s] DEBUG:colcon.colcon_core.event_handler.log_command:Invoking command in '/home/eiamw001/CSCI4511_project/src/security_coverage_robot': DEBUGINFOD_URLS=https://debuginfod.ubuntu.com PYTHONPATH=/home/eiamw001/CSCI4511_project/build/security_coverage_robot/prefix_override:/usr/lib/python3/dist-packages/colcon_core/task/python/colcon_distutils_commands:/home/eiamw001/CSCI4511_project/install/security_coverage_robot/lib/python3.12/site-packages:${PYTHONPATH} _=/usr/bin/env /usr/bin/python3 -W ignore:setup.py install is deprecated -W ignore:easy_install command is deprecated setup.py egg_info --egg-base ../../build/security_coverage_robot build --build-base /home/eiamw001/CSCI4511_project/build/security_coverage_robot/build install --record /home/eiamw001/CSCI4511_project/build/security_coverage_robot/install.log --single-version-externally-managed install_data
[3.636s] DEBUG:colcon.colcon_core.event_handler.log_command:Invoked command in '/home/eiamw001/CSCI4511_project/src/security_coverage_robot' returned '0': DEBUGINFOD_URLS=https://debuginfod.ubuntu.com PYTHONPATH=/home/eiamw001/CSCI4511_project/build/security_coverage_robot/prefix_override:/usr/lib/python3/dist-packages/colcon_core/task/python/colcon_distutils_commands:/home/eiamw001/CSCI4511_project/install/security_coverage_robot/lib/python3.12/site-packages:${PYTHONPATH} _=/usr/bin/env /usr/bin/python3 -W ignore:setup.py install is deprecated -W ignore:easy_install command is deprecated setup.py egg_info --egg-base ../../build/security_coverage_robot build --build-base /home/eiamw001/CSCI4511_project/build/security_coverage_robot/build install --record /home/eiamw001/CSCI4511_project/build/security_coverage_robot/install.log --single-version-externally-managed install_data
[3.646s] Level 1:colcon.colcon_core.environment:checking '/home/eiamw001/CSCI4511_project/install/security_coverage_robot' for CMake module files
[3.653s] Level 1:colcon.colcon_core.environment:checking '/home/eiamw001/CSCI4511_project/install/security_coverage_robot' for CMake config files
[3.668s] Level 1:colcon.colcon_core.environment:checking '/home/eiamw001/CSCI4511_project/install/security_coverage_robot/lib'
[3.669s] Level 1:colcon.colcon_core.environment:checking '/home/eiamw001/CSCI4511_project/install/security_coverage_robot/bin'
[3.670s] Level 1:colcon.colcon_core.environment:checking '/home/eiamw001/CSCI4511_project/install/security_coverage_robot/lib/pkgconfig/security_coverage_robot.pc'
[3.672s] Level 1:colcon.colcon_core.environment:checking '/home/eiamw001/CSCI4511_project/install/security_coverage_robot/lib/python3.12/site-packages'
[3.674s] Level 1:colcon.colcon_core.shell:create_environment_hook('security_coverage_robot', 'pythonpath')
[3.676s] INFO:colcon.colcon_core.shell:Creating environment hook '/home/eiamw001/CSCI4511_project/install/security_coverage_robot/share/security_coverage_robot/hook/pythonpath.ps1'
[3.685s] INFO:colcon.colcon_core.shell:Creating environment descriptor '/home/eiamw001/CSCI4511_project/install/security_coverage_robot/share/security_coverage_robot/hook/pythonpath.dsv'
[3.692s] INFO:colcon.colcon_core.shell:Creating environment hook '/home/eiamw001/CSCI4511_project/install/security_coverage_robot/share/security_coverage_robot/hook/pythonpath.sh'
[3.699s] Level 1:colcon.colcon_core.environment:checking '/home/eiamw001/CSCI4511_project/install/security_coverage_robot/bin'
[3.699s] Level 1:colcon.colcon_core.environment:create_environment_scripts_only(security_coverage_robot)
[3.701s] INFO:colcon.colcon_core.shell:Creating package script '/home/eiamw001/CSCI4511_project/install/security_coverage_robot/share/security_coverage_robot/package.ps1'
[3.709s] INFO:colcon.colcon_core.shell:Creating package descriptor '/home/eiamw001/CSCI4511_project/install/security_coverage_robot/share/security_coverage_robot/package.dsv'
[3.715s] INFO:colcon.colcon_core.shell:Creating package script '/home/eiamw001/CSCI4511_project/install/security_coverage_robot/share/security_coverage_robot/package.sh'
[3.721s] INFO:colcon.colcon_core.shell:Creating package script '/home/eiamw001/CSCI4511_project/install/security_coverage_robot/share/security_coverage_robot/package.bash'
[3.727s] INFO:colcon.colcon_core.shell:Creating package script '/home/eiamw001/CSCI4511_project/install/security_coverage_robot/share/security_coverage_robot/package.zsh'
[3.733s] Level 1:colcon.colcon_core.environment:create_file_with_runtime_dependencies(/home/eiamw001/CSCI4511_project/install/security_coverage_robot/share/colcon-core/packages/security_coverage_robot)
[3.739s] DEBUG:colcon.colcon_parallel_executor.executor.parallel:closing loop
[3.739s] DEBUG:colcon.colcon_parallel_executor.executor.parallel:loop closed
[3.740s] DEBUG:colcon.colcon_parallel_executor.executor.parallel:run_until_complete finished with '0'
[3.740s] DEBUG:colcon.colcon_core.event_reactor:joining thread
[3.763s] INFO:colcon.colcon_core.plugin_system:Skipping extension 'colcon_notification.desktop_notification.terminal_notifier': Not used on non-Darwin systems
[3.764s] INFO:colcon.colcon_core.plugin_system:Skipping extension 'colcon_notification.desktop_notification.win32': Not used on non-Windows systems
[3.765s] INFO:colcon.colcon_notification.desktop_notification:Sending desktop notification using 'notify2'
[3.794s] DEBUG:colcon.colcon_core.event_reactor:joined thread
[3.794s] INFO:colcon.colcon_core.shell:Creating prefix script '/home/eiamw001/CSCI4511_project/install/local_setup.ps1'
[3.801s] INFO:colcon.colcon_core.shell:Creating prefix util module '/home/eiamw001/CSCI4511_project/install/_local_setup_util_ps1.py'
[3.806s] INFO:colcon.colcon_core.shell:Creating prefix chain script '/home/eiamw001/CSCI4511_project/install/setup.ps1'
[3.813s] INFO:colcon.colcon_core.shell:Creating prefix script '/home/eiamw001/CSCI4511_project/install/local_setup.sh'
[3.819s] INFO:colcon.colcon_core.shell:Creating prefix util module '/home/eiamw001/CSCI4511_project/install/_local_setup_util_sh.py'
[3.824s] INFO:colcon.colcon_core.shell:Creating prefix chain script '/home/eiamw001/CSCI4511_project/install/setup.sh'
[3.831s] INFO:colcon.colcon_core.shell:Creating prefix script '/home/eiamw001/CSCI4511_project/install/local_setup.bash'
[3.836s] INFO:colcon.colcon_core.shell:Creating prefix chain script '/home/eiamw001/CSCI4511_project/install/setup.bash'
[3.842s] INFO:colcon.colcon_core.shell:Creating prefix script '/home/eiamw001/CSCI4511_project/install/local_setup.zsh'
[3.848s] INFO:colcon.colcon_core.shell:Creating prefix chain script '/home/eiamw001/CSCI4511_project/install/setup.zsh'
