[1.205s] Invoking command in '/home/eiamw001/CSCI4511_project/src/security_coverage_robot': DEBUGINFOD_URLS=https://debuginfod.ubuntu.com PYTHONPATH=/home/eiamw001/CSCI4511_project/build/security_coverage_robot/prefix_override:/usr/lib/python3/dist-packages/colcon_core/task/python/colcon_distutils_commands:/home/eiamw001/CSCI4511_project/install/security_coverage_robot/lib/python3.12/site-packages:${PYTHONPATH} _=/usr/bin/env /usr/bin/python3 -W ignore:setup.py install is deprecated -W ignore:easy_install command is deprecated setup.py egg_info --egg-base ../../build/security_coverage_robot build --build-base /home/eiamw001/CSCI4511_project/build/security_coverage_robot/build install --record /home/eiamw001/CSCI4511_project/build/security_coverage_robot/install.log --single-version-externally-managed install_data
[1.593s] running egg_info
[1.618s] writing ../../build/security_coverage_robot/security_coverage_robot.egg-info/PKG-INFO
[1.625s] writing dependency_links to ../../build/security_coverage_robot/security_coverage_robot.egg-info/dependency_links.txt
[1.632s] writing entry points to ../../build/security_coverage_robot/security_coverage_robot.egg-info/entry_points.txt
[1.638s] writing requirements to ../../build/security_coverage_robot/security_coverage_robot.egg-info/requires.txt
[1.645s] writing top-level names to ../../build/security_coverage_robot/security_coverage_robot.egg-info/top_level.txt
[1.751s] [2;36m[04/29/26 11:52:18][0m[2;36m [0m[1;31mERROR   [0m listing git files failed - pretending     ]8;id=928620;file:///usr/lib/python3/dist-packages/setuptools_scm/_file_finders/git.py\[2mgit.py[0m]8;;\[2m:[0m]8;id=292970;file:///usr/lib/python3/dist-packages/setuptools_scm/_file_finders/git.py#24\[2m24[0m]8;;\
[1.755s] [2;36m                    [0m         there aren't any                          [2m         [0m
[1.858s] reading manifest file '../../build/security_coverage_robot/security_coverage_robot.egg-info/SOURCES.txt'
[1.862s] writing manifest file '../../build/security_coverage_robot/security_coverage_robot.egg-info/SOURCES.txt'
[1.869s] running build
[1.876s] running build_py
[1.879s] running install
[1.882s] running install_lib
[1.909s] running install_data
[1.912s] copying launch/security_robot.launch.py -> /home/eiamw001/CSCI4511_project/install/security_coverage_robot/share/security_coverage_robot/launch
[1.925s] running install_egg_info
[1.951s] removing '/home/eiamw001/CSCI4511_project/install/security_coverage_robot/lib/python3.12/site-packages/security_coverage_robot-0.1.0-py3.12.egg-info' (and everything under it)
[1.969s] Copying ../../build/security_coverage_robot/security_coverage_robot.egg-info to /home/eiamw001/CSCI4511_project/install/security_coverage_robot/lib/python3.12/site-packages/security_coverage_robot-0.1.0-py3.12.egg-info
[2.071s] running install_scripts
[2.251s] Installing control_node script to /home/eiamw001/CSCI4511_project/install/security_coverage_robot/lib/security_coverage_robot
[2.258s] Installing metrics_node script to /home/eiamw001/CSCI4511_project/install/security_coverage_robot/lib/security_coverage_robot
[2.263s] Installing perception_node script to /home/eiamw001/CSCI4511_project/install/security_coverage_robot/lib/security_coverage_robot
[2.270s] Installing planner_node script to /home/eiamw001/CSCI4511_project/install/security_coverage_robot/lib/security_coverage_robot
[2.277s] writing list of installed files to '/home/eiamw001/CSCI4511_project/build/security_coverage_robot/install.log'
[2.307s] Invoked command in '/home/eiamw001/CSCI4511_project/src/security_coverage_robot' returned '0': DEBUGINFOD_URLS=https://debuginfod.ubuntu.com PYTHONPATH=/home/eiamw001/CSCI4511_project/build/security_coverage_robot/prefix_override:/usr/lib/python3/dist-packages/colcon_core/task/python/colcon_distutils_commands:/home/eiamw001/CSCI4511_project/install/security_coverage_robot/lib/python3.12/site-packages:${PYTHONPATH} _=/usr/bin/env /usr/bin/python3 -W ignore:setup.py install is deprecated -W ignore:easy_install command is deprecated setup.py egg_info --egg-base ../../build/security_coverage_robot build --build-base /home/eiamw001/CSCI4511_project/build/security_coverage_robot/build install --record /home/eiamw001/CSCI4511_project/build/security_coverage_robot/install.log --single-version-externally-managed install_data
